Component: ARM Compiler 5.06 update 1 (build 61) Tool: armlink [4d35a8]

==============================================================================

Section Cross References

    main.o(i.advertising_init) refers to memseta.o(.text) for __aeabi_memclr4
    main.o(i.advertising_init) refers to ble_advertising.o(i.ble_advertising_init) for ble_advertising_init
    main.o(i.advertising_init) refers to app_error.o(i.app_error_handler) for app_error_handler
    main.o(i.advertising_init) refers to main.o(.data) for .data
    main.o(i.advertising_init) refers to main.o(i.on_adv_evt) for on_adv_evt
    main.o(i.application_timers_start) refers to app_timer.o(i.app_timer_start) for app_timer_start
    main.o(i.application_timers_start) refers to app_error.o(i.app_error_handler) for app_error_handler
    main.o(i.application_timers_start) refers to main.o(.constdata) for .constdata
    main.o(i.assert_nrf_callback) refers to app_error.o(i.app_error_handler) for app_error_handler
    main.o(i.ble_evt_dispatch) refers to ble_conn_params.o(i.ble_conn_params_on_ble_evt) for ble_conn_params_on_ble_evt
    main.o(i.ble_evt_dispatch) refers to ble_nus.o(i.ble_nus_on_ble_evt) for ble_nus_on_ble_evt
    main.o(i.ble_evt_dispatch) refers to main.o(i.on_ble_evt) for on_ble_evt
    main.o(i.ble_evt_dispatch) refers to ble_advertising.o(i.ble_advertising_on_ble_evt) for ble_advertising_on_ble_evt
    main.o(i.ble_evt_dispatch) refers to ble_nus_app.o(.bss) for m_nus
    main.o(i.ble_stack_init) refers to softdevice_handler.o(i.softdevice_handler_init) for softdevice_handler_init
    main.o(i.ble_stack_init) refers to app_error.o(i.app_error_handler) for app_error_handler
    main.o(i.ble_stack_init) refers to softdevice_handler.o(i.softdevice_ble_evt_handler_set) for softdevice_ble_evt_handler_set
    main.o(i.ble_stack_init) refers to softdevice_handler.o(i.softdevice_sys_evt_handler_set) for softdevice_sys_evt_handler_set
    main.o(i.ble_stack_init) refers to main.o(.bss) for .bss
    main.o(i.ble_stack_init) refers to main.o(i.ble_evt_dispatch) for ble_evt_dispatch
    main.o(i.ble_stack_init) refers to main.o(i.sys_evt_dispatch) for sys_evt_dispatch
    main.o(i.boards_init) refers to main.o(i.nrf_gpio_cfg_output) for nrf_gpio_cfg_output
    main.o(i.boards_init) refers to memcpya.o(.text) for __aeabi_memcpy4
    main.o(i.boards_init) refers to app_pwm.o(i.app_pwm_init) for app_pwm_init
    main.o(i.boards_init) refers to app_error.o(i.app_error_handler) for app_error_handler
    main.o(i.boards_init) refers to app_pwm.o(i.app_pwm_enable) for app_pwm_enable
    main.o(i.boards_init) refers to main.o(.constdata) for .constdata
    main.o(i.boards_init) refers to main.o(i.pwm_ready_callback) for pwm_ready_callback
    main.o(i.button_1_update_event_handler) refers to io_control.o(i.IO_ToggleSetStatus) for IO_ToggleSetStatus
    main.o(i.button_1_update_event_handler) refers to app_timer.o(i.app_timer_stop) for app_timer_stop
    main.o(i.button_1_update_event_handler) refers to app_error.o(i.app_error_handler) for app_error_handler
    main.o(i.button_1_update_event_handler) refers to app_timer.o(i.app_timer_start) for app_timer_start
    main.o(i.button_1_update_event_handler) refers to io_control.o(.bss) for io_led_red_1
    main.o(i.button_1_update_event_handler) refers to ble_nus_app.o(.data) for reportFlag
    main.o(i.button_1_update_event_handler) refers to io_control.o(.bss) for io_buzzer
    main.o(i.button_1_update_event_handler) refers to main.o(.data) for .data
    main.o(i.button_1_update_event_handler) refers to main.o(.constdata) for .constdata
    main.o(i.button_2_update_event_handler) refers to io_control.o(i.IO_ToggleSetStatus) for IO_ToggleSetStatus
    main.o(i.button_2_update_event_handler) refers to app_timer.o(i.app_timer_stop) for app_timer_stop
    main.o(i.button_2_update_event_handler) refers to app_error.o(i.app_error_handler) for app_error_handler
    main.o(i.button_2_update_event_handler) refers to app_timer.o(i.app_timer_start) for app_timer_start
    main.o(i.button_2_update_event_handler) refers to io_control.o(.bss) for io_led_red_1
    main.o(i.button_2_update_event_handler) refers to ble_nus_app.o(.data) for reportFlag
    main.o(i.button_2_update_event_handler) refers to io_control.o(.bss) for io_buzzer
    main.o(i.button_2_update_event_handler) refers to main.o(.data) for .data
    main.o(i.button_2_update_event_handler) refers to main.o(.constdata) for .constdata
    main.o(i.button_3_update_event_handler) refers to io_control.o(i.IO_ToggleSetStatus) for IO_ToggleSetStatus
    main.o(i.button_3_update_event_handler) refers to io_control.o(.bss) for io_led_red_1
    main.o(i.button_3_update_event_handler) refers to ble_nus_app.o(.data) for reportFlag
    main.o(i.button_3_update_event_handler) refers to io_control.o(.bss) for io_buzzer
    main.o(i.button_3_update_event_handler) refers to main.o(.data) for .data
[...]
    pwm_ppi_disable                          0x0001d0fd   Thumb Code    20  app_pwm.o(i.pwm_ppi_disable)
    i.pwm_ready_callback                     0x0001d110   Section        0  main.o(i.pwm_ready_callback)
    i.pwm_ready_tick                         0x0001d11c   Section        0  app_pwm.o(i.pwm_ready_tick)
    i.pwm_transition_0or100_to_0or100        0x0001d174   Section        0  app_pwm.o(i.pwm_transition_0or100_to_0or100)
    pwm_transition_0or100_to_0or100          0x0001d175   Thumb Code   112  app_pwm.o(i.pwm_transition_0or100_to_0or100)
    i.pwm_transition_0or100_to_n             0x0001d1e8   Section        0  app_pwm.o(i.pwm_transition_0or100_to_n)
    pwm_transition_0or100_to_n               0x0001d1e9   Thumb Code   260  app_pwm.o(i.pwm_transition_0or100_to_n)
    i.pwm_transition_n_to_0or100             0x0001d2f8   Section        0  app_pwm.o(i.pwm_transition_n_to_0or100)
    pwm_transition_n_to_0or100               0x0001d2f9   Thumb Code   252  app_pwm.o(i.pwm_transition_n_to_0or100)
    i.pwm_transition_n_to_m                  0x0001d400   Section        0  app_pwm.o(i.pwm_transition_n_to_m)
    pwm_transition_n_to_m                    0x0001d401   Thumb Code   204  app_pwm.o(i.pwm_transition_n_to_m)
    i.rtc1_stop                              0x0001d4d4   Section        0  app_timer.o(i.rtc1_stop)
    rtc1_stop                                0x0001d4d5   Thumb Code    50  app_timer.o(i.rtc1_stop)
    i.rx_char_add                            0x0001d518   Section        0  ble_nus.o(i.rx_char_add)
    rx_char_add                              0x0001d519   Thumb Code   158  ble_nus.o(i.rx_char_add)
    i.service_data_encode                    0x0001d5b6   Section        0  ble_advdata.o(i.service_data_encode)
    service_data_encode                      0x0001d5b7   Thumb Code   142  ble_advdata.o(i.service_data_encode)
    i.sm_state_change                        0x0001d644   Section        0  pstorage.o(i.sm_state_change)
    sm_state_change                          0x0001d645   Thumb Code    62  pstorage.o(i.sm_state_change)
    i.softdevice_assertion_handler           0x0001d68c   Section        0  softdevice_handler.o(i.softdevice_assertion_handler)
    i.softdevice_ble_evt_handler_set         0x0001d698   Section        0  softdevice_handler.o(i.softdevice_ble_evt_handler_set)
    i.softdevice_handler_init                0x0001d6ac   Section        0  softdevice_handler.o(i.softdevice_handler_init)
    i.softdevice_sys_evt_handler_set         0x0001d6dc   Section        0  softdevice_handler.o(i.softdevice_sys_evt_handler_set)
    i.state_data_erase_swap_entry_run        0x0001d6f0   Section        0  pstorage.o(i.state_data_erase_swap_entry_run)
    state_data_erase_swap_entry_run          0x0001d6f1   Thumb Code    92  pstorage.o(i.state_data_erase_swap_entry_run)
    i.state_erase_data_page_entry_run        0x0001d754   Section        0  pstorage.o(i.state_erase_data_page_entry_run)
    state_erase_data_page_entry_run          0x0001d755   Thumb Code    12  pstorage.o(i.state_erase_data_page_entry_run)
    i.state_restore_head_entry_run           0x0001d764   Section        0  pstorage.o(i.state_restore_head_entry_run)
    state_restore_head_entry_run             0x0001d765   Thumb Code    36  pstorage.o(i.state_restore_head_entry_run)
    i.state_restore_tail_entry_run           0x0001d78c   Section        0  pstorage.o(i.state_restore_tail_entry_run)
    state_restore_tail_entry_run             0x0001d78d   Thumb Code    66  pstorage.o(i.state_restore_tail_entry_run)
    i.state_swap_erase_entry_run             0x0001d7d8   Section        0  pstorage.o(i.state_swap_erase_entry_run)
    state_swap_erase_entry_run               0x0001d7d9   Thumb Code    32  pstorage.o(i.state_swap_erase_entry_run)
    i.state_write_data_swap_entry_run        0x0001d7f8   Section        0  pstorage.o(i.state_write_data_swap_entry_run)
    state_write_data_swap_entry_run          0x0001d7f9   Thumb Code    42  pstorage.o(i.state_write_data_swap_entry_run)
    i.store_cmd_flash_write_execute          0x0001d828   Section        0  pstorage.o(i.store_cmd_flash_write_execute)
    store_cmd_flash_write_execute            0x0001d829   Thumb Code    82  pstorage.o(i.store_cmd_flash_write_execute)
    i.swap_erase_state_run                   0x0001d884   Section        0  pstorage.o(i.swap_erase_state_run)
    swap_erase_state_run                     0x0001d885   Thumb Code    24  pstorage.o(i.swap_erase_state_run)
    i.swap_sub_state_err_busy_process        0x0001d8a0   Section        0  pstorage.o(i.swap_sub_state_err_busy_process)
    swap_sub_state_err_busy_process          0x0001d8a1   Thumb Code    20  pstorage.o(i.swap_sub_state_err_busy_process)
    i.swap_sub_state_state_change            0x0001d8b8   Section        0  pstorage.o(i.swap_sub_state_state_change)
    swap_sub_state_state_change              0x0001d8b9   Thumb Code    12  pstorage.o(i.swap_sub_state_state_change)
    i.sys_evt_dispatch                       0x0001d8cc   Section        0  main.o(i.sys_evt_dispatch)
    sys_evt_dispatch                         0x0001d8cd   Thumb Code    16  main.o(i.sys_evt_dispatch)
    i.system_config_calc_checksum            0x0001d8dc   Section        0  system_config.o(i.system_config_calc_checksum)
    i.system_config_load                     0x0001d8e0   Section        0  system_config.o(i.system_config_load)
    system_config_load                       0x0001d8e1   Thumb Code    26  system_config.o(i.system_config_load)
    i.system_config_save                     0x0001d900   Section        0  system_config.o(i.system_config_save)
    system_config_save                       0x0001d901   Thumb Code    72  system_config.o(i.system_config_save)
    i.tail_restore_state_run                 0x0001d94c   Section        0  pstorage.o(i.tail_restore_state_run)
    tail_restore_state_run                   0x0001d94d   Thumb Code    22  pstorage.o(i.tail_restore_state_run)
    i.timer_btn_1_event_handler              0x0001d968   Section        0  main.o(i.timer_btn_1_event_handler)
    i.timer_btn_2_event_handler              0x0001d9a0   Section        0  main.o(i.timer_btn_2_event_handler)
    i.timer_list_handler                     0x0001d9d8   Section        0  app_timer.o(i.timer_list_handler)
    timer_list_handler                       0x0001d9d9   Thumb Code   128  app_timer.o(i.timer_list_handler)
    i.timer_list_handler_sched               0x0001da5c   Section        0  app_timer.o(i.timer_list_handler_sched)
    timer_list_handler_sched                 0x0001da5d   Thumb Code    10  app_timer.o(i.timer_list_handler_sched)
    i.timer_list_insert                      0x0001da6c   Section        0  app_timer.o(i.timer_list_insert)
    timer_list_insert                        0x0001da6d   Thumb Code    60  app_timer.o(i.timer_list_insert)
    i.timer_systick_event_handler            0x0001daac   Section        0  main.o(i.timer_systick_event_handler)
    i.timer_timeouts_check                   0x0001dab4   Section        0  app_timer.o(i.timer_timeouts_check)
    timer_timeouts_check                     0x0001dab5   Thumb Code   122  app_timer.o(i.timer_timeouts_check)
    i.timer_touch_event_handler              0x0001db38   Section        0  main.o(i.timer_touch_event_handler)
    i.timers_init                            0x0001dc54   Section        0  main.o(i.timers_init)
    i.tx_char_add                            0x0001dce8   Section        0  ble_nus.o(i.tx_char_add)
    tx_char_add                              0x0001dce9   Thumb Code   128  ble_nus.o(i.tx_char_add)
    i.uint16_encode                          0x0001dd68   Section        0  ble_advdata.o(i.uint16_encode)
    uint16_encode                            0x0001dd69   Thumb Code    10  ble_advdata.o(i.uint16_encode)
    i.update_timeout_handler                 0x0001dd74   Section        0  ble_conn_params.o(i.update_timeout_handler)
    update_timeout_handler                   0x0001dd75   Thumb Code    86  ble_conn_params.o(i.update_timeout_handler)
    i.user_id_get                            0x0001ddd8   Section        0  app_timer.o(i.user_id_get)
    user_id_get                              0x0001ddd9   Thumb Code    74  app_timer.o(i.user_id_get)
    i.user_op_alloc                          0x0001de2c   Section        0  app_timer.o(i.user_op_alloc)
    user_op_alloc                            0x0001de2d   Thumb Code    38  app_timer.o(i.user_op_alloc)
    i.uuid_list_encode                       0x0001de52   Section        0  ble_advdata.o(i.uuid_list_encode)
    uuid_list_encode                         0x0001de53   Thumb Code    48  ble_advdata.o(i.uuid_list_encode)
    i.uuid_list_sized_encode                 0x0001de82   Section        0  ble_advdata.o(i.uuid_list_sized_encode)
    uuid_list_sized_encode                   0x0001de83   Thumb Code   174  ble_advdata.o(i.uuid_list_sized_encode)
    i.whitelist_has_entries                  0x0001df30   Section        0  ble_advertising.o(i.whitelist_has_entries)
    whitelist_has_entries                    0x0001df31   Thumb Code    16  ble_advertising.o(i.whitelist_has_entries)
    .constdata                               0x0001df40   Section      172  main.o(.constdata)
    m_touch_timer_id                         0x0001df40   Data           4  main.o(.constdata)
    m_btn_1_timer_id                         0x0001df44   Data           4  main.o(.constdata)
    m_btn_2_timer_id                         0x0001df48   Data           4  main.o(.constdata)
    m_systick_timer_id                       0x0001df4c   Data           4  main.o(.constdata)
    .constdata                               0x0001dfec   Section        8  main.o(.constdata)
    .constdata                               0x0001dff4   Section        4  ble_conn_params.o(.constdata)
    m_conn_params_timer_id                   0x0001dff4   Data           4  ble_conn_params.o(.constdata)
    .constdata                               0x0001dff8   Section       16  ble_nus.o(.constdata)
    .constdata                               0x0001e008   Section       16  nrf_drv_timer.o(.constdata)
    m_default_config                         0x0001e008   Data          16  nrf_drv_timer.o(.constdata)
    .constdata                               0x0001e018   Section       12  app_pwm.o(.constdata)
    .constdata                               0x0001e024   Section       40  pstorage.o(.constdata)
    swap_sub_state_sm_lut                    0x0001e024   Data          20  pstorage.o(.constdata)
    swap_sub_state_sm_lut                    0x0001e038   Data          20  pstorage.o(.constdata)
    .constdata                               0x0001e04c   Section     2280  d3des.o(.constdata)
    .constdata                               0x0001e934   Section       68  md5.o(.constdata)
    w                                        0x0001e934   Data           4  md5.o(.constdata)
    pad                                      0x0001e938   Data          64  md5.o(.constdata)
    .data                                    0x20002000   Section       21  main.o(.data)
    ready_flag                               0x20002007   Data           1  main.o(.data)
    m_conn_handle                            0x20002008   Data           2  main.o(.data)
    m_adv_uuids                              0x2000200a   Data           4  main.o(.data)
    .data                                    0x20002018   Section       12  system_config.o(.data)
    m_syscfg_handle                          0x2000201c   Data           8  system_config.o(.data)
    .data                                    0x20002024   Section       31  ble_advertising.o(.data)
    m_advertising_start_pending              0x20002024   Data           1  ble_advertising.o(.data)
    m_whitelist_temporarily_disabled         0x20002025   Data           1  ble_advertising.o(.data)
    m_whitelist_reply_expected               0x20002026   Data           1  ble_advertising.o(.data)
    m_peer_addr_reply_expected               0x20002027   Data           1  ble_advertising.o(.data)
    m_adv_evt                                0x20002028   Data           1  ble_advertising.o(.data)
    m_adv_mode_current                       0x20002029   Data           1  ble_advertising.o(.data)
    m_tx_power_level                         0x2000202a   Data           1  ble_advertising.o(.data)
    current_slave_link_conn_handle           0x2000202c   Data           2  ble_advertising.o(.data)
    m_evt_handler                            0x20002030   Data           4  ble_advertising.o(.data)
    m_error_handler                          0x20002034   Data           4  ble_advertising.o(.data)
    m_slave_conn_int                         0x20002038   Data           4  ble_advertising.o(.data)
    m_peer_address                           0x2000203c   Data           7  ble_advertising.o(.data)
    .data                                    0x20002044   Section       20  ble_conn_params.o(.data)
    m_change_param                           0x20002044   Data           1  ble_conn_params.o(.data)
    m_update_count                           0x20002045   Data           1  ble_conn_params.o(.data)
    m_conn_handle                            0x20002046   Data           2  ble_conn_params.o(.data)
    m_preferred_conn_params                  0x20002048   Data           8  ble_conn_params.o(.data)
    m_current_conn_params                    0x20002050   Data           8  ble_conn_params.o(.data)
    .data                                    0x20002058   Section       20  nrf_drv_timer.o(.data)
    m_cb                                     0x20002058   Data           2  nrf_drv_timer.o(.data)
    m_timer_event_handlers                   0x2000205c   Data           8  nrf_drv_timer.o(.data)
    mp_contexts                              0x20002064   Data           8  nrf_drv_timer.o(.data)
    .data                                    0x2000206c   Section        8  nrf_drv_ppi.o(.data)
    m_drv_state                              0x2000206c   Data           1  nrf_drv_ppi.o(.data)
    m_groups_allocated                       0x2000206d   Data           1  nrf_drv_ppi.o(.data)
    m_channels_allocated                     0x20002070   Data           4  nrf_drv_ppi.o(.data)
    .data                                    0x20002074   Section       16  app_gpiote.o(.data)
    m_user_array_size                        0x20002074   Data           1  app_gpiote.o(.data)
    m_user_count                             0x20002075   Data           1  app_gpiote.o(.data)
    mp_users                                 0x20002078   Data           4  app_gpiote.o(.data)
    m_pins                                   0x2000207c   Data           4  app_gpiote.o(.data)
    m_last_pins_state                        0x20002080   Data           4  app_gpiote.o(.data)
    .data                                    0x20002084   Section       24  app_pwm.o(.data)
    m_pwm_busy                               0x20002084   Data           2  app_pwm.o(.data)
    m_pwm_target_value                       0x2000208c   Data           8  app_pwm.o(.data)
    m_instances                              0x20002094   Data           8  app_pwm.o(.data)
    .data                                    0x2000209c   Section       40  pstorage.o(.data)
    m_state                                  0x2000209c   Data           1  pstorage.o(.data)
    m_swap_sub_state                         0x2000209d   Data           1  pstorage.o(.data)
    m_next_app_instance                      0x2000209e   Data           2  pstorage.o(.data)
    m_flags                                  0x200020a0   Data           4  pstorage.o(.data)
    m_next_page_addr                         0x200020a4   Data           4  pstorage.o(.data)
    m_head_word_size                         0x200020a8   Data           4  pstorage.o(.data)
    m_tail_word_size                         0x200020ac   Data           4  pstorage.o(.data)
    m_current_page_id                        0x200020b0   Data           4  pstorage.o(.data)
    m_num_of_command_retries                 0x200020b4   Data           4  pstorage.o(.data)
    m_num_of_bytes_written                   0x200020b8   Data           4  pstorage.o(.data)
    m_app_data_size                          0x200020bc   Data           4  pstorage.o(.data)
    m_raw_app_table                          0x200020c0   Data           4  pstorage.o(.data)
    .data                                    0x200020c4   Section       32  app_timer.o(.data)
    m_user_array_size                        0x200020c4   Data           1  app_timer.o(.data)
    m_ticks_elapsed_q_read_ind               0x200020c5   Data           1  app_timer.o(.data)
    m_ticks_elapsed_q_write_ind              0x200020c6   Data           1  app_timer.o(.data)
    m_rtc1_running                           0x200020c7   Data           1  app_timer.o(.data)
    m_rtc1_reset                             0x200020c8   Data           1  app_timer.o(.data)
    mp_users                                 0x200020cc   Data           4  app_timer.o(.data)
    mp_timer_id_head                         0x200020d0   Data           4  app_timer.o(.data)
    m_ticks_latest                           0x200020d4   Data           4  app_timer.o(.data)
    m_evt_schedule_func                      0x200020d8   Data           4  app_timer.o(.data)
    m_ticks_elapsed                          0x200020dc   Data           8  app_timer.o(.data)
    .data                                    0x200020e4   Section       20  softdevice_handler.o(.data)
    m_softdevice_enabled                     0x200020e4   Data           1  softdevice_handler.o(.data)
    m_ble_evt_buffer_size                    0x200020e6   Data           2  softdevice_handler.o(.data)
    m_evt_schedule_func                      0x200020e8   Data           4  softdevice_handler.o(.data)
    mp_ble_evt_buffer                        0x200020ec   Data           4  softdevice_handler.o(.data)
    m_ble_evt_handler                        0x200020f0   Data           4  softdevice_handler.o(.data)
    m_sys_evt_handler                        0x200020f4   Data           4  softdevice_handler.o(.data)
    .data                                    0x200020f8   Section       38  ble_nus_app.o(.data)
    .data                                    0x20002120   Section       16  sys_tick.o(.data)
    .data                                    0x20002130   Section        4  system_nrf51.o(.data)
    __tagsym$$used                           0x20002130   Number         0  system_nrf51.o(.data)
    .bss                                     0x20002134   Section       32  main.o(.bss)
    m_touch_timer_id_data                    0x20002134   Data          32  main.o(.bss)
    .bss                                     0x20002154   Section       32  main.o(.bss)
    m_btn_1_timer_id_data                    0x20002154   Data          32  main.o(.bss)
    .bss                                     0x20002174   Section       32  main.o(.bss)
    m_btn_2_timer_id_data                    0x20002174   Data          32  main.o(.bss)
    .bss                                     0x20002194   Section       32  main.o(.bss)
    m_systick_timer_id_data                  0x20002194   Data          32  main.o(.bss)
    .bss                                     0x200021b4   Section      624  main.o(.bss)
    BLE_EVT_BUFFER                           0x200021b4   Data          72  main.o(.bss)
    app_gpiote_buf                           0x200021fc   Data          48  main.o(.bss)
    APP_TIMER_BUF                            0x2000222c   Data         456  main.o(.bss)
    .bss                                     0x20002424   Section       36  main.o(.bss)
    .bss                                     0x20002448   Section       24  io_control.o(.bss)
    .bss                                     0x20002460   Section       24  io_control.o(.bss)
    .bss                                     0x20002478   Section       12  io_control.o(.bss)
    .bss                                     0x20002484   Section       12  io_control.o(.bss)
    .bss                                     0x20002490   Section       12  io_control.o(.bss)
    .bss                                     0x2000249c   Section       12  io_control.o(.bss)
    .bss                                     0x200024a8   Section       44  system_config.o(.bss)
    tMcuResetTimeout                         0x200024a8   Data          12  system_config.o(.bss)
    .bss                                     0x200024d4   Section      259  ble_advertising.o(.bss)
    m_advdata                                0x200024d4   Data          56  ble_advertising.o(.bss)
    m_adv_modes_config                       0x2000250c   Data          36  ble_advertising.o(.bss)
    m_whitelist                              0x20002530   Data          16  ble_advertising.o(.bss)
    mp_whitelist_addr                        0x20002540   Data          32  ble_advertising.o(.bss)
    mp_whitelist_irk                         0x20002560   Data          32  ble_advertising.o(.bss)
    m_manuf_specific_data                    0x20002580   Data          12  ble_advertising.o(.bss)
    m_manuf_data_array                       0x2000258c   Data          31  ble_advertising.o(.bss)
    m_service_data                           0x200025ac   Data          12  ble_advertising.o(.bss)
    m_service_data_array                     0x200025b8   Data          31  ble_advertising.o(.bss)
    .bss                                     0x200025d8   Section       32  ble_conn_params.o(.bss)
    m_conn_params_timer_id_data              0x200025d8   Data          32  ble_conn_params.o(.bss)
    .bss                                     0x200025f8   Section       28  ble_conn_params.o(.bss)
    m_conn_params_config                     0x200025f8   Data          28  ble_conn_params.o(.bss)
    .bss                                     0x20002614   Section       72  nrf_drv_gpiote.o(.bss)
    m_cb                                     0x20002614   Data          72  nrf_drv_gpiote.o(.bss)
    .bss                                     0x2000265c   Section      216  pstorage.o(.bss)
    m_cmd_queue                              0x2000265c   Data         204  pstorage.o(.bss)
    m_app_table                              0x20002728   Data          12  pstorage.o(.bss)
    .bss                                     0x20002734   Section      216  ble_nus_app.o(.bss)
    tNusSendTimeout                          0x20002734   Data          12  ble_nus_app.o(.bss)
    .bss                                     0x2000280c   Section      384  d3des.o(.bss)
    KnL                                      0x2000280c   Data         128  d3des.o(.bss)
    KnR                                      0x2000288c   Data         128  d3des.o(.bss)
    Kn3                                      0x2000290c   Data         128  d3des.o(.bss)
    STACK                                    0x20002990   Section     2048  arm_startup_nrf51.o(STACK)
    .ARM.__AT_0x20003F00                     0x20003f00   Section        4  main.o(.ARM.__AT_0x20003F00)

    Global Symbols

    Symbol Name                              Value     Ov Type        Size  Object(Section)

    BuildAttributes$$THM_ISAv3M$S$PE$A:L22$X:L11$S22$IEEE1$IW$USESV6$~STKCKD$USESV7$~SHL$OSPACE$ROPI$EBA8$MICROLIB$REQ8$PRES8$EABIv2 0x00000000   Number         0  anon$$obj.o ABSOLUTE
    __ARM_use_no_argv                        0x00000000   Number         0  main.o ABSOLUTE
    __use_no_errno                           0x00000000   Number         0  useno.o ABSOLUTE
    __use_no_exception_handling              0x00000000   Number         0  useno.o ABSOLUTE
    __use_no_fp                              0x00000000   Number         0  useno.o ABSOLUTE
    __use_no_heap                            0x00000000   Number         0  useno.o ABSOLUTE
    __use_no_heap_region                     0x00000000   Number         0  useno.o ABSOLUTE
    __use_no_semihosting                     0x00000000   Number         0  useno.o ABSOLUTE
    __use_no_semihosting_swi                 0x00000000   Number         0  useno.o ABSOLUTE
    __use_no_signal_handling                 0x00000000   Number         0  useno.o ABSOLUTE
    _printf_a                                0x00000000   Number         0  stubs.o ABSOLUTE
    _printf_c                                0x00000000   Number         0  stubs.o ABSOLUTE
    _printf_charcount                        0x00000000   Number         0  stubs.o ABSOLUTE
    _printf_d                                0x00000000   Number         0  stubs.o ABSOLUTE
    _printf_e                                0x00000000   Number         0  stubs.o ABSOLUTE
    _printf_f                                0x00000000   Number         0  stubs.o ABSOLUTE
    _printf_flags                            0x00000000   Number         0  stubs.o ABSOLUTE
    _printf_fp_dec                           0x00000000   Number         0  stubs.o ABSOLUTE
    _printf_fp_hex                           0x00000000   Number         0  stubs.o ABSOLUTE
    _printf_g                                0x00000000   Number         0  stubs.o ABSOLUTE
    _printf_i                                0x00000000   Number         0  stubs.o ABSOLUTE
    _printf_int_dec                          0x00000000   Number         0  stubs.o ABSOLUTE
    _printf_l                                0x00000000   Number         0  stubs.o ABSOLUTE
    _printf_lc                               0x00000000   Number         0  stubs.o ABSOLUTE
    _printf_ll                               0x00000000   Number         0  stubs.o ABSOLUTE
    _printf_lld                              0x00000000   Number         0  stubs.o ABSOLUTE
    _printf_lli                              0x00000000   Number         0  stubs.o ABSOLUTE
    _printf_llo                              0x00000000   Number         0  stubs.o ABSOLUTE
    _printf_llu                              0x00000000   Number         0  stubs.o ABSOLUTE
    _printf_llx                              0x00000000   Number         0  stubs.o ABSOLUTE
    _printf_longlong_dec                     0x00000000   Number         0  stubs.o ABSOLUTE
    _printf_longlong_hex                     0x00000000   Number         0  stubs.o ABSOLUTE
    _printf_longlong_oct                     0x00000000   Number         0  stubs.o ABSOLUTE
    _printf_ls                               0x00000000   Number         0  stubs.o ABSOLUTE
    _printf_mbtowc                           0x00000000   Number         0  stubs.o ABSOLUTE
    _printf_n                                0x00000000   Number         0  stubs.o ABSOLUTE
    _printf_o                                0x00000000   Number         0  stubs.o ABSOLUTE
    _printf_p                                0x00000000   Number         0  stubs.o ABSOLUTE
    _printf_percent                          0x00000000   Number         0  stubs.o ABSOLUTE
    _printf_pre_padding                      0x00000000   Number         0  stubs.o ABSOLUTE
    _printf_return_value                     0x00000000   Number         0  stubs.o ABSOLUTE
    _printf_s                                0x00000000   Number         0  stubs.o ABSOLUTE
    _printf_sizespec                         0x00000000   Number         0  stubs.o ABSOLUTE
    _printf_str                              0x00000000   Number         0  stubs.o ABSOLUTE
    _printf_truncate_signed                  0x00000000   Number         0  stubs.o ABSOLUTE
    _printf_truncate_unsigned                0x00000000   Number         0  stubs.o ABSOLUTE
    _printf_u                                0x00000000   Number         0  stubs.o ABSOLUTE
    _printf_wc                               0x00000000   Number         0  stubs.o ABSOLUTE
    _printf_wctomb                           0x00000000   Number         0  stubs.o ABSOLUTE
    _printf_widthprec                        0x00000000   Number         0  stubs.o ABSOLUTE
    _printf_x                                0x00000000   Number         0  stubs.o ABSOLUTE
    __cpp_initialize__aeabi_                  - Undefined Weak Reference
    __cxa_finalize                            - Undefined Weak Reference
    _clock_init                               - Undefined Weak Reference
    _microlib_exit                            - Undefined Weak Reference
    __Vectors_Size                           0x000000c0   Number         0  arm_startup_nrf51.o ABSOLUTE
    __Vectors                                0x00018000   Data           4  arm_startup_nrf51.o(RESET)
    __Vectors_End                            0x000180c0   Data           0  arm_startup_nrf51.o(RESET)
    __main                                   0x000180c1   Thumb Code     0  entry.o(.ARM.Collect$$$$00000000)
    _main_stk                                0x000180c1   Thumb Code     0  entry2.o(.ARM.Collect$$$$00000001)
    _main_scatterload                        0x000180c5   Thumb Code     0  entry5.o(.ARM.Collect$$$$00000004)
    __main_after_scatterload                 0x000180c9   Thumb Code     0  entry5.o(.ARM.Collect$$$$00000004)
    _main_clock                              0x000180c9   Thumb Code     0  entry7b.o(.ARM.Collect$$$$00000008)
    _main_cpp_init                           0x000180c9   Thumb Code     0  entry8b.o(.ARM.Collect$$$$0000000A)
    _main_init                               0x000180c9   Thumb Code     0  entry9a.o(.ARM.Collect$$$$0000000B)
    __rt_final_cpp                           0x000180d1   Thumb Code     0  entry10a.o(.ARM.Collect$$$$0000000D)
    __rt_final_exit                          0x000180d1   Thumb Code     0  entry11a.o(.ARM.Collect$$$$0000000F)
    __asm___11_nrf_delay_c_532987f3__nrf_delay_us 0x000180d5   Thumb Code    30  nrf_delay.o(.emb_text)
    __asm___11_app_timer_c_cd27f9c3__nrf_delay_us 0x000180f5   Thumb Code    30  app_timer.o(.emb_text)
    Reset_Handler                            0x00018115   Thumb Code    26  arm_startup_nrf51.o(.text)
    NMI_Handler                              0x0001812f   Thumb Code     2  arm_startup_nrf51.o(.text)
    HardFault_Handler                        0x00018131   Thumb Code     2  arm_startup_nrf51.o(.text)
    SVC_Handler                              0x00018133   Thumb Code     2  arm_startup_nrf51.o(.text)
    PendSV_Handler                           0x00018135   Thumb Code     2  arm_startup_nrf51.o(.text)
    SysTick_Handler                          0x00018137   Thumb Code     2  arm_startup_nrf51.o(.text)
    ADC_IRQHandler                           0x00018139   Thumb Code     0  arm_startup_nrf51.o(.text)
    CCM_AAR_IRQHandler                       0x00018139   Thumb Code     0  arm_startup_nrf51.o(.text)
    ECB_IRQHandler                           0x00018139   Thumb Code     0  arm_startup_nrf51.o(.text)
    LPCOMP_IRQHandler                        0x00018139   Thumb Code     0  arm_startup_nrf51.o(.text)
    POWER_CLOCK_IRQHandler                   0x00018139   Thumb Code     0  arm_startup_nrf51.o(.text)
    QDEC_IRQHandler                          0x00018139   Thumb Code     0  arm_startup_nrf51.o(.text)
    RADIO_IRQHandler                         0x00018139   Thumb Code     0  arm_startup_nrf51.o(.text)
    RNG_IRQHandler                           0x00018139   Thumb Code     0  arm_startup_nrf51.o(.text)
    RTC0_IRQHandler                          0x00018139   Thumb Code     0  arm_startup_nrf51.o(.text)
    SPI0_TWI0_IRQHandler                     0x00018139   Thumb Code     0  arm_startup_nrf51.o(.text)
    SPI1_TWI1_IRQHandler                     0x00018139   Thumb Code     0  arm_startup_nrf51.o(.text)
    SWI1_IRQHandler                          0x00018139   Thumb Code     0  arm_startup_nrf51.o(.text)
    SWI3_IRQHandler                          0x00018139   Thumb Code     0  arm_startup_nrf51.o(.text)
    SWI4_IRQHandler                          0x00018139   Thumb Code     0  arm_startup_nrf51.o(.text)
    SWI5_IRQHandler                          0x00018139   Thumb Code     0  arm_startup_nrf51.o(.text)
    TEMP_IRQHandler                          0x00018139   Thumb Code     0  arm_startup_nrf51.o(.text)
    TIMER2_IRQHandler                        0x00018139   Thumb Code     0  arm_startup_nrf51.o(.text)
    UART0_IRQHandler                         0x00018139   Thumb Code     0  arm_startup_nrf51.o(.text)
    WDT_IRQHandler                           0x00018139   Thumb Code     0  arm_startup_nrf51.o(.text)
    __aeabi_uidiv                            0x0001814d   Thumb Code     0  uidiv.o(.text)
    __aeabi_uidivmod                         0x0001814d   Thumb Code    44  uidiv.o(.text)
    __aeabi_idiv                             0x00018179   Thumb Code     0  idiv.o(.text)
    __aeabi_idivmod                          0x00018179   Thumb Code    40  idiv.o(.text)
    __aeabi_memcpy                           0x000181a1   Thumb Code    36  memcpya.o(.text)
    __aeabi_memcpy4                          0x000181a1   Thumb Code     0  memcpya.o(.text)
    __aeabi_memcpy8                          0x000181a1   Thumb Code     0  memcpya.o(.text)
    __aeabi_memset                           0x000181c5   Thumb Code    14  memseta.o(.text)
    __aeabi_memset4                          0x000181c5   Thumb Code     0  memseta.o(.text)
    __aeabi_memset8                          0x000181c5   Thumb Code     0  memseta.o(.text)
    __aeabi_memclr                           0x000181d3   Thumb Code     4  memseta.o(.text)
    __aeabi_memclr4                          0x000181d3   Thumb Code     0  memseta.o(.text)
    __aeabi_memclr8                          0x000181d3   Thumb Code     0  memseta.o(.text)
    _memset$wrapper                          0x000181d7   Thumb Code    18  memseta.o(.text)
    strlen                                   0x000181e9   Thumb Code    14  strlen.o(.text)
    __aeabi_uread4                           0x000181f7   Thumb Code    20  uread4.o(.text)
    __rt_uread4                              0x000181f7   Thumb Code     0  uread4.o(.text)
    _uread4                                  0x000181f7   Thumb Code     0  uread4.o(.text)
    __aeabi_uwrite4                          0x0001820b   Thumb Code    18  uwrite4.o(.text)
    __rt_uwrite4                             0x0001820b   Thumb Code     0  uwrite4.o(.text)
    _uwrite4                                 0x0001820b   Thumb Code     0  uwrite4.o(.text)
    __scatterload                            0x0001821d   Thumb Code    28  init.o(.text)
    __scatterload_rt2                        0x0001821d   Thumb Code     0  init.o(.text)
    __decompress                             0x00018241   Thumb Code     0  __dczerorl2.o(.text)
    __decompress1                            0x00018241   Thumb Code    86  __dczerorl2.o(.text)
    BLE_CalcCheckSum                         0x00018297   Thumb Code    24  ble_encrypt.o(i.BLE_CalcCheckSum)
    BLE_CalcPINBlock                         0x000182af   Thumb Code   118  ble_encrypt.o(i.BLE_CalcPINBlock)
    BLE_Decrypt                              0x00018325   Thumb Code   104  ble_encrypt.o(i.BLE_Decrypt)
    BLE_NUS_ParserPacket                     0x0001838d   Thumb Code   128  ble_nus_app.o(i.BLE_NUS_ParserPacket)
    BLE_NUS_ProcessData                      0x0001840d   Thumb Code   568  ble_nus_app.o(i.BLE_NUS_ProcessData)
    BLE_NUS_PutData                          0x0001866d   Thumb Code    82  ble_nus_app.o(i.BLE_NUS_PutData)
    BLE_NUS_PutReport                        0x000186c1   Thumb Code   102  ble_nus_app.o(i.BLE_NUS_PutReport)
    BLE_NUS_Rx_Callback                      0x0001872d   Thumb Code    34  ble_nus_app.o(i.BLE_NUS_Rx_Callback)
    BLE_NUS_Task                             0x00018755   Thumb Code   120  ble_nus_app.o(i.BLE_NUS_Task)
    BLE_NUS_TaskInit                         0x000187f5   Thumb Code    92  ble_nus_app.o(i.BLE_NUS_TaskInit)
    CFG_Load                                 0x00018859   Thumb Code   136  system_config.o(i.CFG_Load)
    CFG_Save_Task                            0x00018909   Thumb Code    60  system_config.o(i.CFG_Save_Task)
    CY8CMBR3xxx_Configure                    0x0001894d   Thumb Code   180  cy8cmbr3xxx_apis.o(i.CY8CMBR3xxx_Configure)
    CY8CMBR3xxx_ReadSensorStatus             0x00018a01   Thumb Code   112  cy8cmbr3xxx_apis.o(i.CY8CMBR3xxx_ReadSensorStatus)
    CY8CMBR3xxx_SendCommand                  0x00018a75   Thumb Code    36  cy8cmbr3xxx_apis.o(i.CY8CMBR3xxx_SendCommand)
    CY8CMBR3xxx_VerifyDeviceOnBus            0x00018a99   Thumb Code    94  cy8cmbr3xxx_apis.o(i.CY8CMBR3xxx_VerifyDeviceOnBus)
    CY8CMRB3xxx_CheckCommandStatus           0x00018b01   Thumb Code    90  cy8cmbr3xxx_apis.o(i.CY8CMRB3xxx_CheckCommandStatus)
    CheckTimeout                             0x00018b5d   Thumb Code    44  sys_tick.o(i.CheckTimeout)
    GPIOTE_IRQHandler                        0x00018b8d   Thumb Code   234  nrf_drv_gpiote.o(i.GPIOTE_IRQHandler)
    HashMD5                                  0x00018c95   Thumb Code    38  ble_encrypt.o(i.HashMD5)
    Host_LowLevelDelay                       0x00018cbb   Thumb Code     8  cy8cmbr3xxx_hostfunctions.o(i.Host_LowLevelDelay)
    Host_LowLevelRead                        0x00018cc3   Thumb Code    18  cy8cmbr3xxx_hostfunctions.o(i.Host_LowLevelRead)
    Host_LowLevelWrite                       0x00018cd5   Thumb Code    18  cy8cmbr3xxx_hostfunctions.o(i.Host_LowLevelWrite)
    I2CMasterRead                            0x00018ce9   Thumb Code   118  i2c_driver.o(i.I2CMasterRead)
    I2C___BlockRead                          0x00018d65   Thumb Code    58  i2c_driver.o(i.I2C___BlockRead)
    I2C___BlockWrite                         0x00018d9f   Thumb Code    62  i2c_driver.o(i.I2C___BlockWrite)
    I2C_init                                 0x00018ddd   Thumb Code    10  i2c_driver.o(i.I2C_init)
    I2C_nack                                 0x00018de7   Thumb Code    46  i2c_driver.o(i.I2C_nack)
    I2C_read                                 0x00018e15   Thumb Code    36  i2c_driver.o(i.I2C_read)
    I2C_start                                0x00018e39   Thumb Code    46  i2c_driver.o(i.I2C_start)
    I2C_stop                                 0x00018e67   Thumb Code    34  i2c_driver.o(i.I2C_stop)
    I2C_write                                0x00018e89   Thumb Code    98  i2c_driver.o(i.I2C_write)
    IOFilter_Init                            0x00018ef1   Thumb Code    24  io_control.o(i.IOFilter_Init)
    IOFilter_Update                          0x00018f09   Thumb Code    98  io_control.o(i.IOFilter_Update)
    IO_ToggleProcess                         0x00018f6b   Thumb Code    66  io_control.o(i.IO_ToggleProcess)
    IO_ToggleSetStatus                       0x00018fad   Thumb Code    18  io_control.o(i.IO_ToggleSetStatus)
    InitTimeout                              0x00018fc1   Thumb Code    14  sys_tick.o(i.InitTimeout)
    RINGBUF_Get                              0x00019035   Thumb Code    44  ringbuf.o(i.RINGBUF_Get)
    RINGBUF_Init                             0x00019061   Thumb Code    32  ringbuf.o(i.RINGBUF_Init)
    RINGBUF_Put                              0x00019081   Thumb Code    38  ringbuf.o(i.RINGBUF_Put)
    RTC1_IRQHandler                          0x000190a9   Thumb Code    28  app_timer.o(i.RTC1_IRQHandler)
    ResetMcuSet                              0x000190c9   Thumb Code    18  system_config.o(i.ResetMcuSet)
    ResetMcuTask                             0x000190e5   Thumb Code    70  system_config.o(i.ResetMcuTask)
    SWI0_IRQHandler                          0x00019141   Thumb Code     8  app_timer.o(i.SWI0_IRQHandler)
    SWI2_IRQHandler                          0x00019149   Thumb Code    32  softdevice_handler.o(i.SWI2_IRQHandler)
    SysTick___Task                           0x0001916d   Thumb Code    10  sys_tick.o(i.SysTick___Task)
    SystemInit                               0x0001917d   Thumb Code   130  system_nrf51.o(i.SystemInit)
    TDES_encrypt                             0x0001921d   Thumb Code   112  d3des.o(i.TDES_encrypt)
    TDES_keyschedule_dec                     0x00019295   Thumb Code    40  d3des.o(i.TDES_keyschedule_dec)
    TIMER0_IRQHandler                        0x000192c5   Thumb Code    12  nrf_drv_timer.o(i.TIMER0_IRQHandler)
    TIMER1_IRQHandler                        0x000192d5   Thumb Code    12  nrf_drv_timer.o(i.TIMER1_IRQHandler)
    __0sprintf$3                             0x000192e5   Thumb Code    36  printf3.o(i.__0sprintf$3)
    __1sprintf$3                             0x000192e5   Thumb Code     0  printf3.o(i.__0sprintf$3)
    __2sprintf                               0x000192e5   Thumb Code     0  printf3.o(i.__0sprintf$3)
    __ARM_common_switch8                     0x0001930d   Thumb Code    26  system_config.o(i.__ARM_common_switch8)
    __scatterload_copy                       0x00019327   Thumb Code    14  handlers.o(i.__scatterload_copy)
    __scatterload_null                       0x00019335   Thumb Code     2  handlers.o(i.__scatterload_null)
    __scatterload_zeroinit                   0x00019337   Thumb Code    14  handlers.o(i.__scatterload_zeroinit)
    adv_data_encode                          0x0001951b   Thumb Code   534  ble_advdata.o(i.adv_data_encode)
    app_error_handler                        0x0001979d   Thumb Code    18  app_error.o(i.app_error_handler)
    app_gpiote_init                          0x000197b9   Thumb Code    60  app_gpiote.o(i.app_gpiote_init)
    app_pwm_busy_check                       0x00019851   Thumb Code    54  app_pwm.o(i.app_pwm_busy_check)
    app_pwm_channel_duty_set                 0x0001988d   Thumb Code    32  app_pwm.o(i.app_pwm_channel_duty_set)
    app_pwm_channel_duty_ticks_set           0x000198ad   Thumb Code   184  app_pwm.o(i.app_pwm_channel_duty_ticks_set)
    app_pwm_enable                           0x00019a4d   Thumb Code   116  app_pwm.o(i.app_pwm_enable)
    app_pwm_init                             0x00019ac5   Thumb Code   356  app_pwm.o(i.app_pwm_init)
    app_timer_create                         0x00019c39   Thumb Code    40  app_timer.o(i.app_timer_create)
    app_timer_init                           0x00019c65   Thumb Code   126  app_timer.o(i.app_timer_init)
    app_timer_start                          0x00019cf5   Thumb Code   114  app_timer.o(i.app_timer_start)
    app_timer_stop                           0x00019d71   Thumb Code    78  app_timer.o(i.app_timer_stop)
    application_timers_start                 0x00019dc5   Thumb Code    52  main.o(i.application_timers_start)
    ble_advdata_set                          0x00019e0d   Thumb Code   104  ble_advdata.o(i.ble_advdata_set)
    ble_advertising_init                     0x00019e75   Thumb Code   284  ble_advertising.o(i.ble_advertising_init)
    ble_advertising_on_ble_evt               0x00019f99   Thumb Code   112  ble_advertising.o(i.ble_advertising_on_ble_evt)
    ble_advertising_on_sys_evt               0x0001a00d   Thumb Code    42  ble_advertising.o(i.ble_advertising_on_sys_evt)
    ble_advertising_start                    0x0001a04d   Thumb Code   470  ble_advertising.o(i.ble_advertising_start)
    ble_conn_params_init                     0x0001a22d   Thumb Code    68  ble_conn_params.o(i.ble_conn_params_init)
    ble_conn_params_on_ble_evt               0x0001a281   Thumb Code   132  ble_conn_params.o(i.ble_conn_params_on_ble_evt)
    ble_nus_init                             0x0001a395   Thumb Code    98  ble_nus.o(i.ble_nus_init)
    ble_nus_on_ble_evt                       0x0001a3fd   Thumb Code    88  ble_nus.o(i.ble_nus_on_ble_evt)
    ble_nus_send_task                        0x0001a455   Thumb Code   114  ble_nus_app.o(i.ble_nus_send_task)
    ble_nus_string_send                      0x0001a4d1   Thumb Code    78  ble_nus.o(i.ble_nus_string_send)
    boards_init                              0x0001a58d   Thumb Code    60  main.o(i.boards_init)
    button_1_update_event_handler            0x0001a5d1   Thumb Code    98  main.o(i.button_1_update_event_handler)
    button_2_update_event_handler            0x0001a64d   Thumb Code    98  main.o(i.button_2_update_event_handler)
    button_3_update_event_handler            0x0001a6c9   Thumb Code    54  main.o(i.button_3_update_event_handler)
    intern_softdevice_events_execute         0x0001b0d1   Thumb Code   124  softdevice_handler.o(i.intern_softdevice_events_execute)
    io_control_init                          0x0001b151   Thumb Code   136  main.o(i.io_control_init)
    led_proximity_set_state                  0x0001b34d   Thumb Code    96  main.o(i.led_proximity_set_state)
    main                                     0x0001b545   Thumb Code   536  main.o(i.main)
    md5_append                               0x0001b855   Thumb Code   130  md5.o(i.md5_append)
    md5_finish                               0x0001b8d9   Thumb Code    88  md5.o(i.md5_finish)
    md5_init                                 0x0001b935   Thumb Code    28  md5.o(i.md5_init)
    nrf_delay_ms                             0x0001c1a1   Thumb Code    24  nrf_delay.o(i.nrf_delay_ms)
    nrf_drv_common_irq_enable                0x0001c1bd   Thumb Code    78  nrf_drv_common.o(i.nrf_drv_common_irq_enable)
    nrf_drv_gpiote_init                      0x0001c21d   Thumb Code    76  nrf_drv_gpiote.o(i.nrf_drv_gpiote_init)
    nrf_drv_gpiote_is_init                   0x0001c271   Thumb Code    12  nrf_drv_gpiote.o(i.nrf_drv_gpiote_is_init)
    nrf_drv_gpiote_out_init                  0x0001c281   Thumb Code   136  nrf_drv_gpiote.o(i.nrf_drv_gpiote_out_init)
    nrf_drv_gpiote_out_task_addr_get         0x0001c319   Thumb Code    16  nrf_drv_gpiote.o(i.nrf_drv_gpiote_out_task_addr_get)
    nrf_drv_gpiote_out_task_enable           0x0001c32d   Thumb Code    38  nrf_drv_gpiote.o(i.nrf_drv_gpiote_out_task_enable)
    nrf_drv_gpiote_out_task_force            0x0001c35d   Thumb Code    36  nrf_drv_gpiote.o(i.nrf_drv_gpiote_out_task_force)
    nrf_drv_gpiote_out_uninit                0x0001c389   Thumb Code    60  nrf_drv_gpiote.o(i.nrf_drv_gpiote_out_uninit)
    nrf_drv_ppi_channel_alloc                0x0001c3cd   Thumb Code   134  nrf_drv_ppi.o(i.nrf_drv_ppi_channel_alloc)
    nrf_drv_ppi_channel_assign               0x0001c45d   Thumb Code    58  nrf_drv_ppi.o(i.nrf_drv_ppi_channel_assign)
    nrf_drv_ppi_channel_disable              0x0001c49d   Thumb Code    52  nrf_drv_ppi.o(i.nrf_drv_ppi_channel_disable)
    nrf_drv_ppi_channel_enable               0x0001c4d5   Thumb Code    52  nrf_drv_ppi.o(i.nrf_drv_ppi_channel_enable)
    nrf_drv_ppi_channel_free                 0x0001c50d   Thumb Code   104  nrf_drv_ppi.o(i.nrf_drv_ppi_channel_free)
    nrf_drv_ppi_channels_include_in_group    0x0001c57d   Thumb Code   128  nrf_drv_ppi.o(i.nrf_drv_ppi_channels_include_in_group)
    nrf_drv_ppi_channels_remove_from_group   0x0001c601   Thumb Code   128  nrf_drv_ppi.o(i.nrf_drv_ppi_channels_remove_from_group)
    nrf_drv_ppi_group_alloc                  0x0001c685   Thumb Code   136  nrf_drv_ppi.o(i.nrf_drv_ppi_group_alloc)
    nrf_drv_ppi_group_enable                 0x0001c711   Thumb Code    44  nrf_drv_ppi.o(i.nrf_drv_ppi_group_enable)
    nrf_drv_ppi_group_free                   0x0001c741   Thumb Code   122  nrf_drv_ppi.o(i.nrf_drv_ppi_group_free)
    nrf_drv_ppi_init                         0x0001c7c5   Thumb Code    20  nrf_drv_ppi.o(i.nrf_drv_ppi_init)
    nrf_drv_timer_capture_get                0x0001c7dd   Thumb Code    14  nrf_drv_timer.o(i.nrf_drv_timer_capture_get)
    nrf_drv_timer_capture_task_address_get   0x0001c7eb   Thumb Code    12  nrf_drv_timer.o(i.nrf_drv_timer_capture_task_address_get)
    nrf_drv_timer_clear                      0x0001c7f7   Thumb Code     8  nrf_drv_timer.o(i.nrf_drv_timer_clear)
    nrf_drv_timer_compare                    0x0001c7ff   Thumb Code    42  nrf_drv_timer.o(i.nrf_drv_timer_compare)
    nrf_drv_timer_compare_event_address_get  0x0001c829   Thumb Code    14  nrf_drv_timer.o(i.nrf_drv_timer_compare_event_address_get)
    nrf_drv_timer_compare_int_disable        0x0001c837   Thumb Code    18  nrf_drv_timer.o(i.nrf_drv_timer_compare_int_disable)
    nrf_drv_timer_compare_int_enable         0x0001c849   Thumb Code    34  nrf_drv_timer.o(i.nrf_drv_timer_compare_int_enable)
    nrf_drv_timer_disable                    0x0001c86d   Thumb Code    14  nrf_drv_timer.o(i.nrf_drv_timer_disable)
    nrf_drv_timer_enable                     0x0001c881   Thumb Code    16  nrf_drv_timer.o(i.nrf_drv_timer_enable)
    nrf_drv_timer_extended_compare           0x0001c895   Thumb Code    46  nrf_drv_timer.o(i.nrf_drv_timer_extended_compare)
    nrf_drv_timer_init                       0x0001c8c5   Thumb Code   154  nrf_drv_timer.o(i.nrf_drv_timer_init)
    nrf_drv_timer_uninit                     0x0001c9b5   Thumb Code    86  nrf_drv_timer.o(i.nrf_drv_timer_uninit)
    nrf_drv_timer_us_to_ticks                0x0001ca19   Thumb Code    22  nrf_drv_timer.o(i.nrf_drv_timer_us_to_ticks)
    pstorage_access_status_get               0x0001cc7d   Thumb Code    30  pstorage.o(i.pstorage_access_status_get)
    pstorage_block_identifier_get            0x0001cca5   Thumb Code    74  pstorage.o(i.pstorage_block_identifier_get)
    pstorage_clear                           0x0001ccfd   Thumb Code   156  pstorage.o(i.pstorage_clear)
    pstorage_init                            0x0001cdd1   Thumb Code    74  pstorage.o(i.pstorage_init)
    pstorage_load                            0x0001ce25   Thumb Code   158  pstorage.o(i.pstorage_load)
    pstorage_register                        0x0001cecd   Thumb Code   180  pstorage.o(i.pstorage_register)
    pstorage_store                           0x0001cf89   Thumb Code   134  pstorage.o(i.pstorage_store)
    pstorage_sys_event_handler               0x0001d019   Thumb Code    72  pstorage.o(i.pstorage_sys_event_handler)
    pwm_ready_callback                       0x0001d111   Thumb Code     8  main.o(i.pwm_ready_callback)
    pwm_ready_tick                           0x0001d11d   Thumb Code    82  app_pwm.o(i.pwm_ready_tick)
    softdevice_assertion_handler             0x0001d68d   Thumb Code    12  softdevice_handler.o(i.softdevice_assertion_handler)
    softdevice_ble_evt_handler_set           0x0001d699   Thumb Code    16  softdevice_handler.o(i.softdevice_ble_evt_handler_set)
    softdevice_handler_init                  0x0001d6ad   Thumb Code    40  softdevice_handler.o(i.softdevice_handler_init)
    softdevice_sys_evt_handler_set           0x0001d6dd   Thumb Code    16  softdevice_handler.o(i.softdevice_sys_evt_handler_set)
    system_config_calc_checksum              0x0001d8dd   Thumb Code     4  system_config.o(i.system_config_calc_checksum)
    timer_btn_1_event_handler                0x0001d969   Thumb Code    38  main.o(i.timer_btn_1_event_handler)
    timer_btn_2_event_handler                0x0001d9a1   Thumb Code    38  main.o(i.timer_btn_2_event_handler)
    timer_systick_event_handler              0x0001daad   Thumb Code     8  main.o(i.timer_systick_event_handler)
    timer_touch_event_handler                0x0001db39   Thumb Code   230  main.o(i.timer_touch_event_handler)
    timers_init                              0x0001dc55   Thumb Code   122  main.o(i.timers_init)
    PWM1                                     0x0001df50   Data           8  main.o(.constdata)
    CY8CMBR3108_LQXI_configuration           0x0001df58   Data         128  main.o(.constdata)
    m_pwm_PWM1_timer                         0x0001dfec   Data           8  main.o(.constdata)
    bytebit                                  0x0001e04c   Data          16  d3des.o(.constdata)
    bigbyte                                  0x0001e05c   Data          96  d3des.o(.constdata)
    pc1                                      0x0001e0bc   Data          56  d3des.o(.constdata)
    totrot                                   0x0001e0f4   Data          16  d3des.o(.constdata)
    pc2                                      0x0001e104   Data          48  d3des.o(.constdata)
    SP1                                      0x0001e134   Data         256  d3des.o(.constdata)
    SP2                                      0x0001e234   Data         256  d3des.o(.constdata)
    SP3                                      0x0001e334   Data         256  d3des.o(.constdata)
    SP4                                      0x0001e434   Data         256  d3des.o(.constdata)
    SP5                                      0x0001e534   Data         256  d3des.o(.constdata)
    SP6                                      0x0001e634   Data         256  d3des.o(.constdata)
    SP7                                      0x0001e734   Data         256  d3des.o(.constdata)
    SP8                                      0x0001e834   Data         256  d3des.o(.constdata)
    Region$$Table$$Base                      0x0001e978   Number         0  anon$$obj.o(Region$$Table)
    Region$$Table$$Limit                     0x0001e998   Number         0  anon$$obj.o(Region$$Table)
    ioRelay_1_Status                         0x20002000   Data           1  main.o(.data)
    ioRelay_2_Status                         0x20002001   Data           1  main.o(.data)
    ioRelay_3_Status                         0x20002002   Data           1  main.o(.data)
    ioRelay_4_Status                         0x20002003   Data           1  main.o(.data)
    CY8CMBR3xxx_isOK                         0x20002004   Data           1  main.o(.data)
    buzzer_status                            0x20002005   Data           1  main.o(.data)
    ledProximityState                        0x20002006   Data           1  main.o(.data)
    my_addr                                  0x2000200e   Data           7  main.o(.data)
    sysResetMcuFlag                          0x20002018   Data           1  system_config.o(.data)
    system_config_change                     0x20002019   Data           1  system_config.o(.data)
    m_pwm_ready_counter                      0x20002086   Data           4  app_pwm.o(.data)
    rsPINState                               0x200020f8   Data           1  ble_nus_app.o(.data)
    m_nus_xfer_done                          0x200020f9   Data           1  ble_nus_app.o(.data)
    reportFlag                               0x200020fc   Data           4  ble_nus_app.o(.data)
    BLE_NUS__ParserPacket                    0x20002100   Data           6  ble_nus_app.o(.data)
    BLE_NUS__ProtoSend                       0x20002106   Data           8  ble_nus_app.o(.data)
    BLE_NUS__ProtoRecv                       0x2000210e   Data           8  ble_nus_app.o(.data)
    BLE_NUS__ProtoReport                     0x20002116   Data           8  ble_nus_app.o(.data)
    sysTickTimeSec                           0x20002120   Data           4  sys_tick.o(.data)
    sysTickCounter32                         0x20002124   Data           4  sys_tick.o(.data)
    sysTickCounter64                         0x20002128   Data           8  sys_tick.o(.data)
    SystemCoreClock                          0x20002130   Data           4  system_nrf51.o(.data)
    sensorStatus                             0x200023f4   Data          10  main.o(.bss)
    tTouchReinitTimeout                      0x20002400   Data          12  main.o(.bss)
    tStopCheckProximityTimeout               0x2000240c   Data          12  main.o(.bss)
    tButtonTouchTimeout                      0x20002418   Data          12  main.o(.bss)
    m_pwm_PWM1_cb                            0x20002424   Data          36  main.o(.bss)
    io_led_red_1                             0x20002448   Data          24  io_control.o(.bss)
    io_buzzer                                0x20002460   Data          24  io_control.o(.bss)
    io_btn_1                                 0x20002478   Data          12  io_control.o(.bss)
    io_btn_2                                 0x20002484   Data          12  io_control.o(.bss)
    io_btn_3                                 0x20002490   Data          12  io_control.o(.bss)
    io_proximity_1                           0x2000249c   Data          12  io_control.o(.bss)
    sysCfg                                   0x200024b4   Data          32  system_config.o(.bss)
    BLE_NUS__ProtoSend_Buff                  0x20002740   Data          32  ble_nus_app.o(.bss)
    BLE_NUS__ProtoRecv_Buff                  0x20002760   Data          32  ble_nus_app.o(.bss)
    BLE_NUS__ProtoReport_Buff                0x20002780   Data          32  ble_nus_app.o(.bss)
    BLE_NUS_TxRingBuf                        0x200027a0   Data          16  ble_nus_app.o(.bss)
    BLE_NUS__TxBuf                           0x200027b0   Data          64  ble_nus_app.o(.bss)
    m_nus                                    0x200027f0   Data          28  ble_nus_app.o(.bss)
    __initial_sp                             0x20003190   Data           0  arm_startup_nrf51.o(STACK)
    bootModeFlag                             0x20003f00   Data           4  main.o(.ARM.__AT_0x20003F00)



==============================================================================

Memory Map of the image

  Image Entry point : 0x000180c1

  Load Region LR_IROM1 (Base: 0x00018000, Size: 0x00006acc, Max: 0x00021000, ABSOLUTE, COMPRESSED[0x000069a8])

    Execution Region ER_IROM1 (Base: 0x00018000, Size: 0x00006998, Max: 0x00021000, ABSOLUTE)

    Base Addr    Size         Type   Attr      Idx    E Section Name        Object

    0x00018000   0x000000c0   Data   RO         3145    RESET               arm_startup_nrf51.o
    0x000180c0   0x00000000   Code   RO         3187  * .ARM.Collect$$$$00000000  mc_p.l(entry.o)
    0x000180c0   0x00000004   Code   RO         3476    .ARM.Collect$$$$00000001  mc_p.l(entry2.o)
    0x000180c4   0x00000004   Code   RO         3479    .ARM.Collect$$$$00000004  mc_p.l(entry5.o)
    0x000180c8   0x00000000   Code   RO         3481    .ARM.Collect$$$$00000008  mc_p.l(entry7b.o)
    0x000180c8   0x00000000   Code   RO         3483    .ARM.Collect$$$$0000000A  mc_p.l(entry8b.o)
    0x000180c8   0x00000008   Code   RO         3484    .ARM.Collect$$$$0000000B  mc_p.l(entry9a.o)
    0x000180d0   0x00000000   Code   RO         3486    .ARM.Collect$$$$0000000D  mc_p.l(entry10a.o)
    0x000180d0   0x00000000   Code   RO         3488    .ARM.Collect$$$$0000000F  mc_p.l(entry11a.o)
    0x000180d0   0x00000004   Code   RO         3477    .ARM.Collect$$$$00002712  mc_p.l(entry2.o)
    0x000180d4   0x0000001e   Code   RO          928    .emb_text           nrf_delay.o
    0x000180f2   0x00000002   PAD
    0x000180f4   0x0000001e   Code   RO         2320    .emb_text           app_timer.o
    0x00018112   0x00000002   PAD
    0x00018114   0x00000038   Code   RO         3146    .text               arm_startup_nrf51.o
    0x0001814c   0x0000002c   Code   RO         3195    .text               mc_p.l(uidiv.o)
    0x00018178   0x00000028   Code   RO         3197    .text               mc_p.l(idiv.o)
    0x000181a0   0x00000024   Code   RO         3199    .text               mc_p.l(memcpya.o)
    0x000181c4   0x00000024   Code   RO         3201    .text               mc_p.l(memseta.o)
    0x000181e8   0x0000000e   Code   RO         3203    .text               mc_p.l(strlen.o)
    0x000181f6   0x00000014   Code   RO         3472    .text               mc_p.l(uread4.o)
    0x0001820a   0x00000012   Code   RO         3474    .text               mc_p.l(uwrite4.o)
    0x0001821c   0x00000024   Code   RO         3505    .text               mc_p.l(init.o)
    0x00018240   0x00000056   Code   RO         3525    .text               mc_p.l(__dczerorl2.o)
    0x00018296   0x00000018   Code   RO         2830    i.BLE_CalcCheckSum  ble_encrypt.o
    0x000182ae   0x00000076   Code   RO         2831    i.BLE_CalcPINBlock  ble_encrypt.o
    0x00018324   0x00000068   Code   RO         2832    i.BLE_Decrypt       ble_encrypt.o
    0x0001838c   0x00000080   Code   RO         2871    i.BLE_NUS_ParserPacket  ble_nus_app.o
    0x0001840c   0x00000260   Code   RO         2872    i.BLE_NUS_ProcessData  ble_nus_app.o
    0x0001866c   0x00000052   Code   RO         2873    i.BLE_NUS_PutData   ble_nus_app.o
    0x000186be   0x00000002   PAD
    0x000186c0   0x0000006c   Code   RO         2874    i.BLE_NUS_PutReport  ble_nus_app.o
    0x0001872c   0x00000028   Code   RO         2875    i.BLE_NUS_Rx_Callback  ble_nus_app.o
    0x00018754   0x000000a0   Code   RO         2876    i.BLE_NUS_Task      ble_nus_app.o
    0x000187f4   0x00000064   Code   RO         2877    i.BLE_NUS_TaskInit  ble_nus_app.o
    0x00018858   0x000000b0   Code   RO          542    i.CFG_Load          system_config.o
    0x00018908   0x00000044   Code   RO          544    i.CFG_Save_Task     system_config.o
    0x0001894c   0x000000b4   Code   RO         2533    i.CY8CMBR3xxx_Configure  cy8cmbr3xxx_apis.o
    0x00018a00   0x00000074   Code   RO         2538    i.CY8CMBR3xxx_ReadSensorStatus  cy8cmbr3xxx_apis.o
    0x00018a74   0x00000024   Code   RO         2539    i.CY8CMBR3xxx_SendCommand  cy8cmbr3xxx_apis.o
    0x00018a98   0x00000068   Code   RO         2541    i.CY8CMBR3xxx_VerifyDeviceOnBus  cy8cmbr3xxx_apis.o
    0x00018b00   0x0000005a   Code   RO         2544    i.CY8CMRB3xxx_CheckCommandStatus  cy8cmbr3xxx_apis.o
    0x00018b5a   0x00000002   PAD
    0x00018b5c   0x00000030   Code   RO         3071    i.CheckTimeout      sys_tick.o
    0x00018b8c   0x00000108   Code   RO          982    i.GPIOTE_IRQHandler  nrf_drv_gpiote.o
    0x00018c94   0x00000026   Code   RO         2833    i.HashMD5           ble_encrypt.o
    0x00018cba   0x00000008   Code   RO         2643    i.Host_LowLevelDelay  cy8cmbr3xxx_hostfunctions.o
    0x00018cc2   0x00000012   Code   RO         2644    i.Host_LowLevelRead  cy8cmbr3xxx_hostfunctions.o
    0x00018cd4   0x00000012   Code   RO         2645    i.Host_LowLevelWrite  cy8cmbr3xxx_hostfunctions.o
    0x00018ce6   0x00000002   PAD
    0x00018ce8   0x0000007c   Code   RO         2702    i.I2CMasterRead     i2c_driver.o
    0x00018d64   0x0000003a   Code   RO         2705    i.I2C___BlockRead   i2c_driver.o
    0x00018d9e   0x0000003e   Code   RO         2706    i.I2C___BlockWrite  i2c_driver.o
    0x00018ddc   0x0000000a   Code   RO         2709    i.I2C_init          i2c_driver.o
    0x00018de6   0x0000002e   Code   RO         2710    i.I2C_nack          i2c_driver.o
    0x00018e14   0x00000024   Code   RO         2711    i.I2C_read          i2c_driver.o
    0x00018e38   0x0000002e   Code   RO         2713    i.I2C_start         i2c_driver.o
    0x00018e66   0x00000022   Code   RO         2714    i.I2C_stop          i2c_driver.o
    0x00018e88   0x00000068   Code   RO         2715    i.I2C_write         i2c_driver.o
    0x00018ef0   0x00000018   Code   RO          447    i.IOFilter_Init     io_control.o
    0x00018f08   0x00000062   Code   RO          448    i.IOFilter_Update   io_control.o
    0x00018f6a   0x00000042   Code   RO          449    i.IO_ToggleProcess  io_control.o
    0x00018fac   0x00000012   Code   RO          450    i.IO_ToggleSetStatus  io_control.o
    0x00018fbe   0x00000002   PAD
    0x00018fc0   0x00000014   Code   RO         3072    i.InitTimeout       sys_tick.o
    0x00018fd4   0x00000044   Code   RO         2321    i.NVIC_SetPriority  app_timer.o
    0x00019018   0x0000001c   Code   RO          545    i.NVIC_SystemReset  system_config.o
    0x00019034   0x0000002c   Code   RO         3037    i.RINGBUF_Get       ringbuf.o
    0x00019060   0x00000020   Code   RO         3039    i.RINGBUF_Init      ringbuf.o
    0x00019080   0x00000026   Code   RO         3040    i.RINGBUF_Put       ringbuf.o
    0x000190a6   0x00000002   PAD
    0x000190a8   0x00000020   Code   RO         2322    i.RTC1_IRQHandler   app_timer.o
    0x000190c8   0x0000001c   Code   RO          546    i.ResetMcuSet       system_config.o
    0x000190e4   0x0000005c   Code   RO          547    i.ResetMcuTask      system_config.o
    0x00019140   0x00000008   Code   RO         2323    i.SWI0_IRQHandler   app_timer.o
    0x00019148   0x00000024   Code   RO         2460    i.SWI2_IRQHandler   softdevice_handler.o
    0x0001916c   0x00000010   Code   RO         3079    i.SysTick___Task    sys_tick.o
    0x0001917c   0x000000a0   Code   RO         3153    i.SystemInit        system_nrf51.o
    0x0001921c   0x00000078   Code   RO         2954    i.TDES_encrypt      d3des.o
    0x00019294   0x00000030   Code   RO         2955    i.TDES_keyschedule_dec  d3des.o
    0x000192c4   0x00000010   Code   RO         1460    i.TIMER0_IRQHandler  nrf_drv_timer.o
    0x000192d4   0x00000010   Code   RO         1461    i.TIMER1_IRQHandler  nrf_drv_timer.o
    0x000192e4   0x00000028   Code   RO         3302    i.__0sprintf$3      mc_p.l(printf3.o)
    0x0001930c   0x0000001a   Code   RO          616    i.__ARM_common_switch8  system_config.o
    0x00019326   0x0000000e   Code   RO         3519    i.__scatterload_copy  mc_p.l(handlers.o)
    0x00019334   0x00000002   Code   RO         3520    i.__scatterload_null  mc_p.l(handlers.o)
    0x00019336   0x0000000e   Code   RO         3521    i.__scatterload_zeroinit  mc_p.l(handlers.o)
    0x00019344   0x000001cc   Code   RO         3307    i._printf_core      mc_p.l(printf3.o)
    0x00019510   0x0000000a   Code   RO         3309    i._sputc            mc_p.l(printf3.o)
    0x0001951a   0x00000216   Code   RO          628    i.adv_data_encode   ble_advdata.o
    0x00019730   0x0000006c   Code   RO            4    i.advertising_init  main.o
    0x0001979c   0x0000001c   Code   RO         1775    i.app_error_handler  app_error.o
    0x000197b8   0x00000040   Code   RO         1829    i.app_gpiote_init   app_gpiote.o
    0x000197f8   0x00000038   Code   RO         2061    i.app_notify        pstorage.o
    0x00019830   0x00000020   Code   RO         2062    i.app_notify_error_state_transit  pstorage.o
    0x00019850   0x0000003c   Code   RO         1912    i.app_pwm_busy_check  app_pwm.o
    0x0001988c   0x00000020   Code   RO         1914    i.app_pwm_channel_duty_set  app_pwm.o
    0x000198ac   0x000000bc   Code   RO         1916    i.app_pwm_channel_duty_ticks_set  app_pwm.o
    0x00019968   0x000000e4   Code   RO         1917    i.app_pwm_channel_init  app_pwm.o
    0x00019a4c   0x00000078   Code   RO         1920    i.app_pwm_enable    app_pwm.o
    0x00019ac4   0x00000174   Code   RO         1921    i.app_pwm_init      app_pwm.o
    0x00019c38   0x0000002c   Code   RO         2326    i.app_timer_create  app_timer.o
    0x00019c64   0x00000090   Code   RO         2327    i.app_timer_init    app_timer.o
    0x00019cf4   0x0000007c   Code   RO         2328    i.app_timer_start   app_timer.o
    0x00019d70   0x00000054   Code   RO         2329    i.app_timer_stop    app_timer.o
    0x00019dc4   0x0000003c   Code   RO            5    i.application_timers_start  main.o
    0x00019e00   0x0000000c   Code   RO         1625    i.are_app_channels  nrf_drv_ppi.o
    0x00019e0c   0x00000068   Code   RO          629    i.ble_advdata_set   ble_advdata.o
    0x00019e74   0x00000124   Code   RO          702    i.ble_advertising_init  ble_advertising.o
    0x00019f98   0x00000074   Code   RO          703    i.ble_advertising_on_ble_evt  ble_advertising.o
    0x0001a00c   0x00000030   Code   RO          704    i.ble_advertising_on_sys_evt  ble_advertising.o
    0x0001a03c   0x00000010   Code   RO          706    i.ble_advertising_peer_address_clear  ble_advertising.o
    0x0001a04c   0x000001e0   Code   RO          708    i.ble_advertising_start  ble_advertising.o
    0x0001a22c   0x00000054   Code   RO          791    i.ble_conn_params_init  ble_conn_params.o
    0x0001a280   0x00000090   Code   RO          792    i.ble_conn_params_on_ble_evt  ble_conn_params.o
    0x0001a310   0x0000005e   Code   RO          630    i.ble_device_addr_encode  ble_advdata.o
    0x0001a36e   0x00000002   PAD
    0x0001a370   0x00000024   Code   RO            7    i.ble_evt_dispatch  main.o
    0x0001a394   0x00000068   Code   RO          856    i.ble_nus_init      ble_nus.o
    0x0001a3fc   0x00000058   Code   RO          857    i.ble_nus_on_ble_evt  ble_nus.o
    0x0001a454   0x0000007c   Code   RO         2878    i.ble_nus_send_task  ble_nus_app.o
    0x0001a4d0   0x00000054   Code   RO          858    i.ble_nus_string_send  ble_nus.o
    0x0001a524   0x00000068   Code   RO            8    i.ble_stack_init    main.o
    0x0001a58c   0x00000044   Code   RO            9    i.boards_init       main.o
    0x0001a5d0   0x0000007c   Code   RO           10    i.button_1_update_event_handler  main.o
    0x0001a64c   0x0000007c   Code   RO           11    i.button_2_update_event_handler  main.o
    0x0001a6c8   0x0000004c   Code   RO           12    i.button_3_update_event_handler  main.o
    0x0001a714   0x0000001c   Code   RO          983    i.channel_free      nrf_drv_gpiote.o
    0x0001a730   0x00000048   Code   RO          984    i.channel_port_alloc  nrf_drv_gpiote.o
    0x0001a778   0x00000010   Code   RO          985    i.channel_port_get  nrf_drv_gpiote.o
    0x0001a788   0x00000104   Code   RO         2063    i.clear_operation_execute  pstorage.o
    0x0001a88c   0x00000024   Code   RO         2064    i.clear_post_processing_run  pstorage.o
    0x0001a8b0   0x00000038   Code   RO         2065    i.cmd_process       pstorage.o
    0x0001a8e8   0x00000020   Code   RO         2066    i.cmd_queue_element_init  pstorage.o
    0x0001a908   0x0000004c   Code   RO         2067    i.cmd_queue_enqueue  pstorage.o
    0x0001a954   0x0000003c   Code   RO         2068    i.command_end_procedure_run  pstorage.o
    0x0001a990   0x000000a8   Code   RO         2331    i.compare_reg_update  app_timer.o
    0x0001aa38   0x00000088   Code   RO          631    i.conn_int_encode   ble_advdata.o
    0x0001aac0   0x0000000c   Code   RO           13    i.conn_params_error_handler  main.o
    0x0001aacc   0x00000068   Code   RO          794    i.conn_params_negotiation  ble_conn_params.o
    0x0001ab34   0x00000044   Code   RO         1626    i.current_int_priority_get  nrf_drv_ppi.o
    0x0001ab78   0x00000054   Code   RO         2069    i.data_page_erase_state_run  pstorage.o
    0x0001abcc   0x00000028   Code   RO         2070    i.data_to_swap_write_state_run  pstorage.o
    0x0001abf4   0x000001d0   Code   RO         2957    i.desfunc           d3des.o
    0x0001adc4   0x0000014c   Code   RO         2958    i.deskey            d3des.o
    0x0001af10   0x00000040   Code   RO         2332    i.elapsed_ticks_acquire  app_timer.o
    0x0001af50   0x00000020   Code   RO         2071    i.flash_api_err_code_process  pstorage.o
    0x0001af70   0x00000080   Code   RO         2072    i.flash_operation_success_run  pstorage.o
    0x0001aff0   0x0000000a   Code   RO         2073    i.flash_page_erase  pstorage.o
    0x0001affa   0x0000000a   Code   RO         2074    i.flash_write       pstorage.o
    0x0001b004   0x00000054   Code   RO           14    i.gap_params_init   main.o
    0x0001b058   0x00000078   Code   RO         2075    i.head_restore_state_run  pstorage.o
    0x0001b0d0   0x00000080   Code   RO         2461    i.intern_softdevice_events_execute  softdevice_handler.o
    0x0001b150   0x0000009c   Code   RO           15    i.io_control_init   main.o
    0x0001b1ec   0x00000018   Code   RO         1627    i.is_allocated_channel  nrf_drv_ppi.o
    0x0001b204   0x00000018   Code   RO         1628    i.is_allocated_group  nrf_drv_ppi.o
    0x0001b21c   0x0000000e   Code   RO         1629    i.is_app_channel    nrf_drv_ppi.o
    0x0001b22a   0x0000000c   Code   RO         1630    i.is_app_group      nrf_drv_ppi.o
    0x0001b236   0x00000002   PAD
    0x0001b238   0x0000001c   Code   RO          795    i.is_conn_params_ok  ble_conn_params.o
    0x0001b254   0x00000048   Code   RO         3154    i.is_manual_peripheral_setup_needed  system_nrf51.o
    0x0001b29c   0x00000044   Code   RO         2076    i.is_page_erase_required  pstorage.o
    0x0001b2e0   0x0000000c   Code   RO         1631    i.is_programmable_app_channel  nrf_drv_ppi.o
    0x0001b2ec   0x0000000c   Code   RO         2077    i.is_word_aligned   pstorage.o
    0x0001b2f8   0x00000054   Code   RO          632    i.le_role_encode    ble_advdata.o
    0x0001b34c   0x00000068   Code   RO           16    i.led_proximity_set_state  main.o
    0x0001b3b4   0x000000bc   Code   RO         2333    i.list_deletions_handler  app_timer.o
    0x0001b470   0x000000d4   Code   RO         2334    i.list_insertions_handler  app_timer.o
    0x0001b544   0x00000290   Code   RO           17    i.main              main.o
    0x0001b7d4   0x00000018   Code   RO         2078    i.main_state_err_busy_process  pstorage.o
    0x0001b7ec   0x00000068   Code   RO          633    i.manuf_specific_data_encode  ble_advdata.o
    0x0001b854   0x00000082   Code   RO         3007    i.md5_append        md5.o
    0x0001b8d6   0x00000002   PAD
    0x0001b8d8   0x0000005c   Code   RO         3008    i.md5_finish        md5.o
    0x0001b934   0x00000024   Code   RO         3009    i.md5_init          md5.o
    0x0001b958   0x000007a8   Code   RO         3010    i.md5_process       md5.o
    0x0001c100   0x0000009e   Code   RO          634    i.name_encode       ble_advdata.o
    0x0001c19e   0x00000002   PAD
    0x0001c1a0   0x0000001c   Code   RO          929    i.nrf_delay_ms      nrf_delay.o
    0x0001c1bc   0x00000060   Code   RO          956    i.nrf_drv_common_irq_enable  nrf_drv_common.o
    0x0001c21c   0x00000054   Code   RO          992    i.nrf_drv_gpiote_init  nrf_drv_gpiote.o
    0x0001c270   0x00000010   Code   RO          993    i.nrf_drv_gpiote_is_init  nrf_drv_gpiote.o
    0x0001c280   0x00000098   Code   RO          995    i.nrf_drv_gpiote_out_init  nrf_drv_gpiote.o
    0x0001c318   0x00000014   Code   RO          997    i.nrf_drv_gpiote_out_task_addr_get  nrf_drv_gpiote.o
    0x0001c32c   0x00000030   Code   RO          999    i.nrf_drv_gpiote_out_task_enable  nrf_drv_gpiote.o
    0x0001c35c   0x0000002c   Code   RO         1000    i.nrf_drv_gpiote_out_task_force  nrf_drv_gpiote.o
    0x0001c388   0x00000044   Code   RO         1003    i.nrf_drv_gpiote_out_uninit  nrf_drv_gpiote.o
    0x0001c3cc   0x00000090   Code   RO         1632    i.nrf_drv_ppi_channel_alloc  nrf_drv_ppi.o
    0x0001c45c   0x00000040   Code   RO         1633    i.nrf_drv_ppi_channel_assign  nrf_drv_ppi.o
    0x0001c49c   0x00000038   Code   RO         1634    i.nrf_drv_ppi_channel_disable  nrf_drv_ppi.o
    0x0001c4d4   0x00000038   Code   RO         1635    i.nrf_drv_ppi_channel_enable  nrf_drv_ppi.o
    0x0001c50c   0x00000070   Code   RO         1636    i.nrf_drv_ppi_channel_free  nrf_drv_ppi.o
    0x0001c57c   0x00000084   Code   RO         1637    i.nrf_drv_ppi_channels_include_in_group  nrf_drv_ppi.o
    0x0001c600   0x00000084   Code   RO         1638    i.nrf_drv_ppi_channels_remove_from_group  nrf_drv_ppi.o
    0x0001c684   0x0000008c   Code   RO         1639    i.nrf_drv_ppi_group_alloc  nrf_drv_ppi.o
    0x0001c710   0x00000030   Code   RO         1641    i.nrf_drv_ppi_group_enable  nrf_drv_ppi.o
    0x0001c740   0x00000084   Code   RO         1642    i.nrf_drv_ppi_group_free  nrf_drv_ppi.o
    0x0001c7c4   0x00000018   Code   RO         1643    i.nrf_drv_ppi_init  nrf_drv_ppi.o
    0x0001c7dc   0x0000000e   Code   RO         1463    i.nrf_drv_timer_capture_get  nrf_drv_timer.o
    0x0001c7ea   0x0000000c   Code   RO         1464    i.nrf_drv_timer_capture_task_address_get  nrf_drv_timer.o
    0x0001c7f6   0x00000008   Code   RO         1465    i.nrf_drv_timer_clear  nrf_drv_timer.o
    0x0001c7fe   0x0000002a   Code   RO         1466    i.nrf_drv_timer_compare  nrf_drv_timer.o
    0x0001c828   0x0000000e   Code   RO         1467    i.nrf_drv_timer_compare_event_address_get  nrf_drv_timer.o
    0x0001c836   0x00000012   Code   RO         1468    i.nrf_drv_timer_compare_int_disable  nrf_drv_timer.o
    0x0001c848   0x00000022   Code   RO         1469    i.nrf_drv_timer_compare_int_enable  nrf_drv_timer.o
    0x0001c86a   0x00000002   PAD
    0x0001c86c   0x00000014   Code   RO         1470    i.nrf_drv_timer_disable  nrf_drv_timer.o
    0x0001c880   0x00000014   Code   RO         1471    i.nrf_drv_timer_enable  nrf_drv_timer.o
    0x0001c894   0x0000002e   Code   RO         1473    i.nrf_drv_timer_extended_compare  nrf_drv_timer.o
    0x0001c8c2   0x00000002   PAD
    0x0001c8c4   0x000000a8   Code   RO         1475    i.nrf_drv_timer_init  nrf_drv_timer.o
    0x0001c96c   0x00000048   Code   RO         1476    i.nrf_drv_timer_interrupt_handle  nrf_drv_timer.o
    0x0001c9b4   0x00000064   Code   RO         1481    i.nrf_drv_timer_uninit  nrf_drv_timer.o
    0x0001ca18   0x00000016   Code   RO         1482    i.nrf_drv_timer_us_to_ticks  nrf_drv_timer.o
    0x0001ca2e   0x00000002   PAD
    0x0001ca30   0x00000024   Code   RO         1005    i.nrf_gpio_cfg      nrf_drv_gpiote.o
    0x0001ca54   0x00000024   Code   RO         2716    i.nrf_gpio_cfg      i2c_driver.o
    0x0001ca78   0x00000012   Code   RO         1006    i.nrf_gpio_cfg_default  nrf_drv_gpiote.o
    0x0001ca8a   0x00000012   Code   RO         2717    i.nrf_gpio_cfg_input  i2c_driver.o
    0x0001ca9c   0x00000010   Code   RO           18    i.nrf_gpio_cfg_output  main.o
    0x0001caac   0x00000014   Code   RO         2718    i.nrf_gpio_cfg_output  i2c_driver.o
    0x0001cac0   0x00000020   Code   RO         1007    i.nrf_gpio_cfg_sense_set  nrf_drv_gpiote.o
    0x0001cae0   0x00000010   Code   RO         2719    i.nrf_gpio_pin_clear  i2c_driver.o
    0x0001caf0   0x00000010   Code   RO         2720    i.nrf_gpio_pin_set  i2c_driver.o
    0x0001cb00   0x00000014   Code   RO         1008    i.nrf_gpiote_event_is_set  nrf_drv_gpiote.o
    0x0001cb14   0x0000004c   Code   RO           19    i.nus_data_handler  main.o
    0x0001cb60   0x0000001a   Code   RO           20    i.on_adv_evt        main.o
    0x0001cb7a   0x00000002   PAD
    0x0001cb7c   0x00000074   Code   RO           21    i.on_ble_evt        main.o
    0x0001cbf0   0x00000024   Code   RO           22    i.on_conn_params_evt  main.o
    0x0001cc14   0x00000038   Code   RO         1923    i.pan73_workaround  app_pwm.o
    0x0001cc4c   0x00000016   Code   RO          710    i.peer_address_exists  ble_advertising.o
    0x0001cc62   0x00000002   PAD
    0x0001cc64   0x00000018   Code   RO         1010    i.pin_in_use_by_te  nrf_drv_gpiote.o
    0x0001cc7c   0x00000028   Code   RO         2079    i.pstorage_access_status_get  pstorage.o
    0x0001cca4   0x00000054   Code   RO         2080    i.pstorage_block_identifier_get  pstorage.o
    0x0001ccf8   0x00000002   Code   RO          548    i.pstorage_callback_handler  system_config.o
    0x0001ccfa   0x00000002   PAD
    0x0001ccfc   0x000000a4   Code   RO         2081    i.pstorage_clear    pstorage.o
    0x0001cda0   0x00000024   Code   RO         2082    i.pstorage_flash_page_end  pstorage.o
    0x0001cdc4   0x0000000a   Code   RO         2083    i.pstorage_flash_page_size  pstorage.o
    0x0001cdce   0x00000002   PAD
    0x0001cdd0   0x00000054   Code   RO         2084    i.pstorage_init     pstorage.o
    0x0001ce24   0x000000a8   Code   RO         2085    i.pstorage_load     pstorage.o
    0x0001cecc   0x000000bc   Code   RO         2089    i.pstorage_register  pstorage.o
    0x0001cf88   0x00000090   Code   RO         2090    i.pstorage_store    pstorage.o
    0x0001d018   0x0000004c   Code   RO         2091    i.pstorage_sys_event_handler  pstorage.o
    0x0001d064   0x00000018   Code   RO         1924    i.pwm_channel_ppi_disable  app_pwm.o
    0x0001d07c   0x00000080   Code   RO         1925    i.pwm_dealloc       app_pwm.o
    0x0001d0fc   0x00000014   Code   RO         1926    i.pwm_ppi_disable   app_pwm.o
    0x0001d110   0x0000000c   Code   RO           24    i.pwm_ready_callback  main.o
    0x0001d11c   0x00000058   Code   RO         1927    i.pwm_ready_tick    app_pwm.o
    0x0001d174   0x00000074   Code   RO         1928    i.pwm_transition_0or100_to_0or100  app_pwm.o
    0x0001d1e8   0x00000110   Code   RO         1929    i.pwm_transition_0or100_to_n  app_pwm.o
    0x0001d2f8   0x00000108   Code   RO         1930    i.pwm_transition_n_to_0or100  app_pwm.o
    0x0001d400   0x000000d4   Code   RO         1931    i.pwm_transition_n_to_m  app_pwm.o
    0x0001d4d4   0x00000044   Code   RO         2335    i.rtc1_stop         app_timer.o
    0x0001d518   0x0000009e   Code   RO          859    i.rx_char_add       ble_nus.o
    0x0001d5b6   0x0000008e   Code   RO          635    i.service_data_encode  ble_advdata.o
    0x0001d644   0x00000048   Code   RO         2093    i.sm_state_change   pstorage.o
    0x0001d68c   0x0000000c   Code   RO         2462    i.softdevice_assertion_handler  softdevice_handler.o
    0x0001d698   0x00000014   Code   RO         2463    i.softdevice_ble_evt_handler_set  softdevice_handler.o
    0x0001d6ac   0x00000030   Code   RO         2464    i.softdevice_handler_init  softdevice_handler.o
    0x0001d6dc   0x00000014   Code   RO         2467    i.softdevice_sys_evt_handler_set  softdevice_handler.o
    0x0001d6f0   0x00000064   Code   RO         2094    i.state_data_erase_swap_entry_run  pstorage.o
    0x0001d754   0x00000010   Code   RO         2095    i.state_erase_data_page_entry_run  pstorage.o
    0x0001d764   0x00000028   Code   RO         2096    i.state_restore_head_entry_run  pstorage.o
    0x0001d78c   0x0000004c   Code   RO         2097    i.state_restore_tail_entry_run  pstorage.o
    0x0001d7d8   0x00000020   Code   RO         2098    i.state_swap_erase_entry_run  pstorage.o
    0x0001d7f8   0x00000030   Code   RO         2099    i.state_write_data_swap_entry_run  pstorage.o
    0x0001d828   0x0000005c   Code   RO         2100    i.store_cmd_flash_write_execute  pstorage.o
    0x0001d884   0x0000001c   Code   RO         2101    i.swap_erase_state_run  pstorage.o
    0x0001d8a0   0x00000018   Code   RO         2102    i.swap_sub_state_err_busy_process  pstorage.o
    0x0001d8b8   0x00000014   Code   RO         2103    i.swap_sub_state_state_change  pstorage.o
    0x0001d8cc   0x00000010   Code   RO           25    i.sys_evt_dispatch  main.o
    0x0001d8dc   0x00000004   Code   RO          549    i.system_config_calc_checksum  system_config.o
    0x0001d8e0   0x00000020   Code   RO          551    i.system_config_load  system_config.o
    0x0001d900   0x0000004c   Code   RO          552    i.system_config_save  system_config.o
    0x0001d94c   0x0000001c   Code   RO         2104    i.tail_restore_state_run  pstorage.o
    0x0001d968   0x00000038   Code   RO           26    i.timer_btn_1_event_handler  main.o
    0x0001d9a0   0x00000038   Code   RO           27    i.timer_btn_2_event_handler  main.o
    0x0001d9d8   0x00000084   Code   RO         2336    i.timer_list_handler  app_timer.o
    0x0001da5c   0x00000010   Code   RO         2337    i.timer_list_handler_sched  app_timer.o
    0x0001da6c   0x00000040   Code   RO         2338    i.timer_list_insert  app_timer.o
    0x0001daac   0x00000008   Code   RO           28    i.timer_systick_event_handler  main.o
    0x0001dab4   0x00000084   Code   RO         2339    i.timer_timeouts_check  app_timer.o
    0x0001db38   0x0000011c   Code   RO           29    i.timer_touch_event_handler  main.o
    0x0001dc54   0x00000094   Code   RO           30    i.timers_init       main.o
    0x0001dce8   0x00000080   Code   RO          860    i.tx_char_add       ble_nus.o
    0x0001dd68   0x0000000a   Code   RO          636    i.uint16_encode     ble_advdata.o
    0x0001dd72   0x00000002   PAD
    0x0001dd74   0x00000064   Code   RO          796    i.update_timeout_handler  ble_conn_params.o
    0x0001ddd8   0x00000054   Code   RO         2340    i.user_id_get       app_timer.o
    0x0001de2c   0x00000026   Code   RO         2341    i.user_op_alloc     app_timer.o
    0x0001de52   0x00000030   Code   RO          637    i.uuid_list_encode  ble_advdata.o
    0x0001de82   0x000000ae   Code   RO          638    i.uuid_list_sized_encode  ble_advdata.o
    0x0001df30   0x00000010   Code   RO          711    i.whitelist_has_entries  ble_advertising.o
    0x0001df40   0x000000ac   Data   RO           40    .constdata          main.o
    0x0001dfec   0x00000008   Data   RO           41    .constdata          main.o
    0x0001dff4   0x00000004   Data   RO          799    .constdata          ble_conn_params.o
    0x0001dff8   0x00000010   Data   RO          861    .constdata          ble_nus.o
    0x0001e008   0x00000010   Data   RO         1483    .constdata          nrf_drv_timer.o
    0x0001e018   0x0000000c   Data   RO         1932    .constdata          app_pwm.o
    0x0001e024   0x00000028   Data   RO         2106    .constdata          pstorage.o
    0x0001e04c   0x000008e8   Data   RO         2960    .constdata          d3des.o
    0x0001e934   0x00000044   Data   RO         3011    .constdata          md5.o
    0x0001e978   0x00000020   Data   RO         3517    Region$$Table       anon$$obj.o


    Execution Region RW_IRAM1 (Base: 0x20002000, Size: 0x00001190, Max: 0x00001f00, ABSOLUTE, COMPRESSED[0x00000010])

    Base Addr    Size         Type   Attr      Idx    E Section Name        Object

    0x20002000   0x00000015   Data   RW           42    .data               main.o
    0x20002015   0x00000003   PAD
    0x20002018   0x0000000c   Data   RW          554    .data               system_config.o
    0x20002024   0x0000001f   Data   RW          713    .data               ble_advertising.o
    0x20002043   0x00000001   PAD
    0x20002044   0x00000014   Data   RW          800    .data               ble_conn_params.o
    0x20002058   0x00000014   Data   RW         1484    .data               nrf_drv_timer.o
    0x2000206c   0x00000008   Data   RW         1645    .data               nrf_drv_ppi.o
    0x20002074   0x00000010   Data   RW         1839    .data               app_gpiote.o
    0x20002084   0x00000018   Data   RW         1933    .data               app_pwm.o
    0x2000209c   0x00000028   Data   RW         2107    .data               pstorage.o
    0x200020c4   0x00000020   Data   RW         2342    .data               app_timer.o
    0x200020e4   0x00000014   Data   RW         2468    .data               softdevice_handler.o
    0x200020f8   0x00000026   Data   RW         2880    .data               ble_nus_app.o
    0x2000211e   0x00000002   PAD
    0x20002120   0x00000010   Data   RW         3081    .data               sys_tick.o
    0x20002130   0x00000004   Data   RW         3155    .data               system_nrf51.o
    0x20002134   0x00000020   Zero   RW           34    .bss                main.o
    0x20002154   0x00000020   Zero   RW           35    .bss                main.o
    0x20002174   0x00000020   Zero   RW           36    .bss                main.o
    0x20002194   0x00000020   Zero   RW           37    .bss                main.o
    0x200021b4   0x00000270   Zero   RW           38    .bss                main.o
    0x20002424   0x00000024   Zero   RW           39    .bss                main.o
    0x20002448   0x00000018   Zero   RW          451    .bss                io_control.o
    0x20002460   0x00000018   Zero   RW          452    .bss                io_control.o
    0x20002478   0x0000000c   Zero   RW          453    .bss                io_control.o
    0x20002484   0x0000000c   Zero   RW          454    .bss                io_control.o
    0x20002490   0x0000000c   Zero   RW          455    .bss                io_control.o
    0x2000249c   0x0000000c   Zero   RW          456    .bss                io_control.o
    0x200024a8   0x0000002c   Zero   RW          553    .bss                system_config.o
    0x200024d4   0x00000103   Zero   RW          712    .bss                ble_advertising.o
    0x200025d7   0x00000001   PAD
    0x200025d8   0x00000020   Zero   RW          797    .bss                ble_conn_params.o
    0x200025f8   0x0000001c   Zero   RW          798    .bss                ble_conn_params.o
    0x20002614   0x00000048   Zero   RW         1011    .bss                nrf_drv_gpiote.o
    0x2000265c   0x000000d8   Zero   RW         2105    .bss                pstorage.o
    0x20002734   0x000000d8   Zero   RW         2879    .bss                ble_nus_app.o
    0x2000280c   0x00000180   Zero   RW         2959    .bss                d3des.o
    0x2000298c   0x00000004   PAD
    0x20002990   0x00000800   Zero   RW         3143    STACK               arm_startup_nrf51.o


    Execution Region RW_IRAM2 (Base: 0x20003f00, Size: 0x00000004, Max: 0x00000100, ABSOLUTE, UNINIT)

    Base Addr    Size         Type   Attr      Idx    E Section Name        Object

    0x20003f00   0x00000004   Zero   RW           33    .ARM.__AT_0x20003F00  main.o


==============================================================================

Image component sizes


      Code (inc. data)   RO Data    RW Data    ZI Data      Debug   Object Name

        28         10          0          0          0       1284   app_error.o
        64          4          0         16          0      11790   app_gpiote.o
      2180        110         12         24          0      32101   app_pwm.o
      1700        152          0         32          0      28911   app_timer.o
        56         18        192          0       2048        708   arm_startup_nrf51.o
      1588          6          0          0          0      18876   ble_advdata.o
       990         32          0         31        259      13189   ble_advertising.o
       460         58          4         20         60      14832   ble_conn_params.o
       284          0          0          0          0       4426   ble_encrypt.o
       562         12         16          0          0       5678   ble_nus.o
      1350        130          0         38        216       9985   ble_nus_app.o
       526         14          0          0          0       8547   cy8cmbr3xxx_apis.o
        44          0          0          0          0       3114   cy8cmbr3xxx_hostfunctions.o
       964         72       2280          0        384       4711   d3des.o
       626         28          0          0          0      13086   i2c_driver.o
       206          0          0          0         96      37888   io_control.o
      2562        426        180         21        792     119010   main.o
      2218        274         68          0          0       6261   md5.o
        58          4          0          0          0       1767   nrf_delay.o
        96         18          0          0          0       7304   nrf_drv_common.o
       942        126          0          0         72      24289   nrf_drv_gpiote.o
      1206         78          0          8          0      28525   nrf_drv_ppi.o
       622         52         16         20          0      27654   nrf_drv_timer.o
      2706        252         40         40        216      34872   pstorage.o
       114          0          0          0          0       2890   ringbuf.o
       264         24          0         20          0      10888   softdevice_handler.o
        84         16          0         16          0       3295   sys_tick.o
       532        110          0         12         44       8512   system_config.o
       232         36          0          4          0       2335   system_nrf51.o

    ----------------------------------------------------------------------
     23302       2062       2840        308       4192     486728   Object Totals
         0          0         32          0          0          0   (incl. Generated)
        38          0          0          6          5          0   (incl. Padding)

    ----------------------------------------------------------------------

      Code (inc. data)   RO Data    RW Data    ZI Data      Debug   Library Member Name

        86          0          0          0          0          0   __dczerorl2.o
         0          0          0          0          0          0   entry.o
         0          0          0          0          0          0   entry10a.o
         0          0          0          0          0          0   entry11a.o
         8          4          0          0          0          0   entry2.o
         4          0          0          0          0          0   entry5.o
         0          0          0          0          0          0   entry7b.o
         0          0          0          0          0          0   entry8b.o
         8          4          0          0          0          0   entry9a.o
        30          0          0          0          0          0   handlers.o
        40          0          0          0          0         72   idiv.o
        36          8          0          0          0         68   init.o
        36          0          0          0          0         60   memcpya.o
        36          0          0          0          0        100   memseta.o
       510          8          0          0          0        228   printf3.o
        14          0          0          0          0         60   strlen.o
        44          0          0          0          0         72   uidiv.o
        20          0          0          0          0         60   uread4.o
        18          0          0          0          0         60   uwrite4.o

    ----------------------------------------------------------------------
       890         24          0          0          0        780   Library Totals
         0          0          0          0          0          0   (incl. Padding)

    ----------------------------------------------------------------------

      Code (inc. data)   RO Data    RW Data    ZI Data      Debug   Library Name

       890         24          0          0          0        780   mc_p.l

    ----------------------------------------------------------------------
       890         24          0          0          0        780   Library Totals

    ----------------------------------------------------------------------

==============================================================================


      Code (inc. data)   RO Data    RW Data    ZI Data      Debug   

     24192       2086       2840        308       4192     476408   Grand Totals
     24192       2086       2840         16       4192     476408   ELF Image Totals (compressed)
     24192       2086       2840         16          0          0   ROM Totals

==============================================================================

    Total RO  Size (Code + RO Data)                27032 (  26.40kB)
    Total RW  Size (RW Data + ZI Data)              4500 (   4.39kB)
    Total ROM Size (Code + RO Data + RW Data)      27048 (  26.41kB)

==============================================================================

